Archive member included to satisfy reference by file (symbol)

c:/progra~2/gnu arm embedded toolchain/10 2020-q4-major/bin/../lib/gcc/arm-none-eabi/10.2.1/thumb/v7e-m/nofp\libgcc.a(_aeabi_uldivmod.o)
                              CMakeFiles/embedded-test.elf.dir/Drivers/STM32L4xx_HAL_Driver/Src/stm32l4xx_hal_uart.c.obj (__aeabi_uldivmod)
c:/progra~2/gnu arm embedded toolchain/10 2020-q4-major/bin/../lib/gcc/arm-none-eabi/10.2.1/thumb/v7e-m/nofp\libgcc.a(_udivmoddi4.o)
                              c:/progra~2/gnu arm embedded toolchain/10 2020-q4-major/bin/../lib/gcc/arm-none-eabi/10.2.1/thumb/v7e-m/nofp\libgcc.a(_aeabi_uldivmod.o) (__udivmoddi4)
c:/progra~2/gnu arm embedded toolchain/10 2020-q4-major/bin/../lib/gcc/arm-none-eabi/10.2.1/thumb/v7e-m/nofp\libgcc.a(_dvmd_tls.o)
                              c:/progra~2/gnu arm embedded toolchain/10 2020-q4-major/bin/../lib/gcc/arm-none-eabi/10.2.1/thumb/v7e-m/nofp\libgcc.a(_aeabi_uldivmod.o) (__aeabi_ldiv0)
c:/progra~2/gnu arm embedded toolchain/10 2020-q4-major/bin/../lib/gcc/arm-none-eabi/10.2.1/../../../../arm-none-eabi/lib/thumb/v7e-m/nofp\libc.a(lib_a-errno.o)
                              CMakeFiles/embedded-test.elf.dir/Src/syscalls.c.obj (__errno)
c:/progra~2/gnu arm embedded toolchain/10 2020-q4-major/bin/../lib/gcc/arm-none-eabi/10.2.1/../../../../arm-none-eabi/lib/thumb/v7e-m/nofp\libc.a(lib_a-exit.o)
                              c:/progra~2/gnu arm embedded toolchain/10 2020-q4-major/bin/../lib/gcc/arm-none-eabi/10.2.1/../../../../arm-none-eabi/lib/thumb/v7e-m/nofp/crt0.o (exit)
c:/progra~2/gnu arm embedded toolchain/10 2020-q4-major/bin/../lib/gcc/arm-none-eabi/10.2.1/../../../../arm-none-eabi/lib/thumb/v7e-m/nofp\libc.a(lib_a-impure.o)
                              c:/progra~2/gnu arm embedded toolchain/10 2020-q4-major/bin/../lib/gcc/arm-none-eabi/10.2.1/../../../../arm-none-eabi/lib/thumb/v7e-m/nofp\libc.a(lib_a-exit.o) (_global_impure_ptr)
c:/progra~2/gnu arm embedded toolchain/10 2020-q4-major/bin/../lib/gcc/arm-none-eabi/10.2.1/../../../../arm-none-eabi/lib/thumb/v7e-m/nofp\libc.a(lib_a-init.o)
                              c:/progra~2/gnu arm embedded toolchain/10 2020-q4-major/bin/../lib/gcc/arm-none-eabi/10.2.1/../../../../arm-none-eabi/lib/thumb/v7e-m/nofp/crt0.o (__libc_init_array)
c:/progra~2/gnu arm embedded toolchain/10 2020-q4-major/bin/../lib/gcc/arm-none-eabi/10.2.1/../../../../arm-none-eabi/lib/thumb/v7e-m/nofp\libc.a(lib_a-memset.o)
                              c:/progra~2/gnu arm embedded toolchain/10 2020-q4-major/bin/../lib/gcc/arm-none-eabi/10.2.1/../../../../arm-none-eabi/lib/thumb/v7e-m/nofp/crt0.o (memset)
c:/progra~2/gnu arm embedded toolchain/10 2020-q4-major/bin/../lib/gcc/arm-none-eabi/10.2.1/../../../../arm-none-eabi/lib/thumb/v7e-m/nofp\libc.a(lib_a-__call_atexit.o)
                              c:/progra~2/gnu arm embedded toolchain/10 2020-q4-major/bin/../lib/gcc/arm-none-eabi/10.2.1/../../../../arm-none-eabi/lib/thumb/v7e-m/nofp\libc.a(lib_a-exit.o) (__call_exitprocs)
c:/progra~2/gnu arm embedded toolchain/10 2020-q4-major/bin/../lib/gcc/arm-none-eabi/10.2.1/../../../../arm-none-eabi/lib/thumb/v7e-m/nofp\libc.a(lib_a-atexit.o)
                              c:/progra~2/gnu arm embedded toolchain/10 2020-q4-major/bin/../lib/gcc/arm-none-eabi/10.2.1/../../../../arm-none-eabi/lib/thumb/v7e-m/nofp\libc.a(lib_a-__call_atexit.o) (atexit)
c:/progra~2/gnu arm embedded toolchain/10 2020-q4-major/bin/../lib/gcc/arm-none-eabi/10.2.1/../../../../arm-none-eabi/lib/thumb/v7e-m/nofp\libc.a(lib_a-fini.o)
                              c:/progra~2/gnu arm embedded toolchain/10 2020-q4-major/bin/../lib/gcc/arm-none-eabi/10.2.1/../../../../arm-none-eabi/lib/thumb/v7e-m/nofp\libc.a(lib_a-__call_atexit.o) (__libc_fini_array)
c:/progra~2/gnu arm embedded toolchain/10 2020-q4-major/bin/../lib/gcc/arm-none-eabi/10.2.1/../../../../arm-none-eabi/lib/thumb/v7e-m/nofp\libc.a(lib_a-lock.o)
                              c:/progra~2/gnu arm embedded toolchain/10 2020-q4-major/bin/../lib/gcc/arm-none-eabi/10.2.1/../../../../arm-none-eabi/lib/thumb/v7e-m/nofp\libc.a(lib_a-__call_atexit.o) (__retarget_lock_acquire_recursive)
c:/progra~2/gnu arm embedded toolchain/10 2020-q4-major/bin/../lib/gcc/arm-none-eabi/10.2.1/../../../../arm-none-eabi/lib/thumb/v7e-m/nofp\libc.a(lib_a-__atexit.o)
                              c:/progra~2/gnu arm embedded toolchain/10 2020-q4-major/bin/../lib/gcc/arm-none-eabi/10.2.1/../../../../arm-none-eabi/lib/thumb/v7e-m/nofp\libc.a(lib_a-atexit.o) (__register_exitproc)

Discarded input sections

 .text          0x00000000        0x0 c:/progra~2/gnu arm embedded toolchain/10 2020-q4-major/bin/../lib/gcc/arm-none-eabi/10.2.1/thumb/v7e-m/nofp/crti.o
 .data          0x00000000        0x0 c:/progra~2/gnu arm embedded toolchain/10 2020-q4-major/bin/../lib/gcc/arm-none-eabi/10.2.1/thumb/v7e-m/nofp/crti.o
[...]
Memory Configuration

Name             Origin             Length             Attributes
RAM              0x20000000         0x00018000         xrw
RAM2             0x10000000         0x00008000         xrw
FLASH            0x08000000         0x00100000         xr
*default*        0x00000000         0xffffffff

Linker script and memory map

LOAD c:/progra~2/gnu arm embedded toolchain/10 2020-q4-major/bin/../lib/gcc/arm-none-eabi/10.2.1/thumb/v7e-m/nofp/crti.o
LOAD c:/progra~2/gnu arm embedded toolchain/10 2020-q4-major/bin/../lib/gcc/arm-none-eabi/10.2.1/thumb/v7e-m/nofp/crtbegin.o
LOAD c:/progra~2/gnu arm embedded toolchain/10 2020-q4-major/bin/../lib/gcc/arm-none-eabi/10.2.1/../../../../arm-none-eabi/lib/thumb/v7e-m/nofp/crt0.o
LOAD CMakeFiles/embedded-test.elf.dir/Drivers/STM32L4xx_HAL_Driver/Src/stm32l4xx_hal.c.obj
LOAD CMakeFiles/embedded-test.elf.dir/Drivers/STM32L4xx_HAL_Driver/Src/stm32l4xx_hal_cortex.c.obj
LOAD CMakeFiles/embedded-test.elf.dir/Drivers/STM32L4xx_HAL_Driver/Src/stm32l4xx_hal_dma.c.obj
LOAD CMakeFiles/embedded-test.elf.dir/Drivers/STM32L4xx_HAL_Driver/Src/stm32l4xx_hal_dma_ex.c.obj
LOAD CMakeFiles/embedded-test.elf.dir/Drivers/STM32L4xx_HAL_Driver/Src/stm32l4xx_hal_exti.c.obj
LOAD CMakeFiles/embedded-test.elf.dir/Drivers/STM32L4xx_HAL_Driver/Src/stm32l4xx_hal_flash.c.obj
LOAD CMakeFiles/embedded-test.elf.dir/Drivers/STM32L4xx_HAL_Driver/Src/stm32l4xx_hal_flash_ex.c.obj
LOAD CMakeFiles/embedded-test.elf.dir/Drivers/STM32L4xx_HAL_Driver/Src/stm32l4xx_hal_flash_ramfunc.c.obj
LOAD CMakeFiles/embedded-test.elf.dir/Drivers/STM32L4xx_HAL_Driver/Src/stm32l4xx_hal_gpio.c.obj
LOAD CMakeFiles/embedded-test.elf.dir/Drivers/STM32L4xx_HAL_Driver/Src/stm32l4xx_hal_i2c.c.obj
LOAD CMakeFiles/embedded-test.elf.dir/Drivers/STM32L4xx_HAL_Driver/Src/stm32l4xx_hal_i2c_ex.c.obj
LOAD CMakeFiles/embedded-test.elf.dir/Drivers/STM32L4xx_HAL_Driver/Src/stm32l4xx_hal_pwr.c.obj
LOAD CMakeFiles/embedded-test.elf.dir/Drivers/STM32L4xx_HAL_Driver/Src/stm32l4xx_hal_pwr_ex.c.obj
LOAD CMakeFiles/embedded-test.elf.dir/Drivers/STM32L4xx_HAL_Driver/Src/stm32l4xx_hal_rcc.c.obj
LOAD CMakeFiles/embedded-test.elf.dir/Drivers/STM32L4xx_HAL_Driver/Src/stm32l4xx_hal_rcc_ex.c.obj
LOAD CMakeFiles/embedded-test.elf.dir/Drivers/STM32L4xx_HAL_Driver/Src/stm32l4xx_hal_tim.c.obj
LOAD CMakeFiles/embedded-test.elf.dir/Drivers/STM32L4xx_HAL_Driver/Src/stm32l4xx_hal_tim_ex.c.obj
LOAD CMakeFiles/embedded-test.elf.dir/Drivers/STM32L4xx_HAL_Driver/Src/stm32l4xx_hal_uart.c.obj
LOAD CMakeFiles/embedded-test.elf.dir/Drivers/STM32L4xx_HAL_Driver/Src/stm32l4xx_hal_uart_ex.c.obj
LOAD CMakeFiles/embedded-test.elf.dir/Src/main.c.obj
LOAD CMakeFiles/embedded-test.elf.dir/Src/stm32l4xx_hal_msp.c.obj
LOAD CMakeFiles/embedded-test.elf.dir/Src/stm32l4xx_it.c.obj
LOAD CMakeFiles/embedded-test.elf.dir/Src/syscalls.c.obj
LOAD CMakeFiles/embedded-test.elf.dir/Src/sysmem.c.obj
LOAD CMakeFiles/embedded-test.elf.dir/Src/system_stm32l4xx.c.obj
LOAD CMakeFiles/embedded-test.elf.dir/Startup/startup_stm32l476rgtx.s.obj
START GROUP
LOAD c:/progra~2/gnu arm embedded toolchain/10 2020-q4-major/bin/../lib/gcc/arm-none-eabi/10.2.1/thumb/v7e-m/nofp\libgcc.a
LOAD c:/progra~2/gnu arm embedded toolchain/10 2020-q4-major/bin/../lib/gcc/arm-none-eabi/10.2.1/../../../../arm-none-eabi/lib/thumb/v7e-m/nofp\libc.a
END GROUP
LOAD c:/progra~2/gnu arm embedded toolchain/10 2020-q4-major/bin/../lib/gcc/arm-none-eabi/10.2.1/thumb/v7e-m/nofp/crtend.o
LOAD c:/progra~2/gnu arm embedded toolchain/10 2020-q4-major/bin/../lib/gcc/arm-none-eabi/10.2.1/thumb/v7e-m/nofp/crtn.o
                0x20018000                _estack = (ORIGIN (RAM) + LENGTH (RAM))
                0x00000200                _Min_Heap_Size = 0x200
                0x00000400                _Min_Stack_Size = 0x400

.isr_vector     0x08000000      0x188
                0x08000000                . = ALIGN (0x4)
 *(.isr_vector)
 .isr_vector    0x08000000      0x188 CMakeFiles/embedded-test.elf.dir/Startup/startup_stm32l476rgtx.s.obj
                0x08000000                g_pfnVectors
                0x08000188                . = ALIGN (0x4)

.text           0x08000188     0x21bc
                0x08000188                . = ALIGN (0x4)
 *(.text)
 .text          0x08000188       0x40 c:/progra~2/gnu arm embedded toolchain/10 2020-q4-major/bin/../lib/gcc/arm-none-eabi/10.2.1/thumb/v7e-m/nofp/crtbegin.o
 .text          0x080001c8       0x30 c:/progra~2/gnu arm embedded toolchain/10 2020-q4-major/bin/../lib/gcc/arm-none-eabi/10.2.1/thumb/v7e-m/nofp\libgcc.a(_aeabi_uldivmod.o)
                0x080001c8                __aeabi_uldivmod
 .text          0x080001f8      0x2d0 c:/progra~2/gnu arm embedded toolchain/10 2020-q4-major/bin/../lib/gcc/arm-none-eabi/10.2.1/thumb/v7e-m/nofp\libgcc.a(_udivmoddi4.o)
                0x080001f8                __udivmoddi4
 .text          0x080004c8        0x4 c:/progra~2/gnu arm embedded toolchain/10 2020-q4-major/bin/../lib/gcc/arm-none-eabi/10.2.1/thumb/v7e-m/nofp\libgcc.a(_dvmd_tls.o)
                0x080004c8                __aeabi_idiv0
                0x080004c8                __aeabi_ldiv0
 *(.text*)
 .text.HAL_InitTick
                0x080004cc       0x50 CMakeFiles/embedded-test.elf.dir/Drivers/STM32L4xx_HAL_Driver/Src/stm32l4xx_hal.c.obj
                0x080004cc                HAL_InitTick
 .text.HAL_Init
                0x0800051c       0x2c CMakeFiles/embedded-test.elf.dir/Drivers/STM32L4xx_HAL_Driver/Src/stm32l4xx_hal.c.obj
                0x0800051c                HAL_Init
 .text.HAL_IncTick
                0x08000548       0x18 CMakeFiles/embedded-test.elf.dir/Drivers/STM32L4xx_HAL_Driver/Src/stm32l4xx_hal.c.obj
                0x08000548                HAL_IncTick
 .text.HAL_GetTick
                0x08000560        0xc CMakeFiles/embedded-test.elf.dir/Drivers/STM32L4xx_HAL_Driver/Src/stm32l4xx_hal.c.obj
                0x08000560                HAL_GetTick
 .text.HAL_Delay
                0x0800056c       0x28 CMakeFiles/embedded-test.elf.dir/Drivers/STM32L4xx_HAL_Driver/Src/stm32l4xx_hal.c.obj
                0x0800056c                HAL_Delay
 .text.HAL_NVIC_SetPriorityGrouping
                0x08000594       0x24 CMakeFiles/embedded-test.elf.dir/Drivers/STM32L4xx_HAL_Driver/Src/stm32l4xx_hal_cortex.c.obj
                0x08000594                HAL_NVIC_SetPriorityGrouping
 .text.HAL_NVIC_SetPriority
                0x080005b8       0x70 CMakeFiles/embedded-test.elf.dir/Drivers/STM32L4xx_HAL_Driver/Src/stm32l4xx_hal_cortex.c.obj
                0x080005b8                HAL_NVIC_SetPriority
 .text.HAL_SYSTICK_Config
                0x08000628       0x28 CMakeFiles/embedded-test.elf.dir/Drivers/STM32L4xx_HAL_Driver/Src/stm32l4xx_hal_cortex.c.obj
                0x08000628                HAL_SYSTICK_Config
 .text.HAL_GPIO_Init
                0x08000650      0x1dc CMakeFiles/embedded-test.elf.dir/Drivers/STM32L4xx_HAL_Driver/Src/stm32l4xx_hal_gpio.c.obj
                0x08000650                HAL_GPIO_Init
 .text.HAL_GPIO_WritePin
                0x0800082c        0xa CMakeFiles/embedded-test.elf.dir/Drivers/STM32L4xx_HAL_Driver/Src/stm32l4xx_hal_gpio.c.obj
                0x0800082c                HAL_GPIO_WritePin
 *fill*         0x08000836        0x2 
 .text.HAL_PWREx_GetVoltageRange
                0x08000838       0x10 CMakeFiles/embedded-test.elf.dir/Drivers/STM32L4xx_HAL_Driver/Src/stm32l4xx_hal_pwr_ex.c.obj
                0x08000838                HAL_PWREx_GetVoltageRange
 .text.HAL_PWREx_ControlVoltageScaling
                0x08000848       0x90 CMakeFiles/embedded-test.elf.dir/Drivers/STM32L4xx_HAL_Driver/Src/stm32l4xx_hal_pwr_ex.c.obj
                0x08000848                HAL_PWREx_ControlVoltageScaling
 .text.RCC_SetFlashLatencyFromMSIRange
                0x080008d8       0x90 CMakeFiles/embedded-test.elf.dir/Drivers/STM32L4xx_HAL_Driver/Src/stm32l4xx_hal_rcc.c.obj
 .text.HAL_RCC_GetSysClockFreq
                0x08000968       0xb4 CMakeFiles/embedded-test.elf.dir/Drivers/STM32L4xx_HAL_Driver/Src/stm32l4xx_hal_rcc.c.obj
                0x08000968                HAL_RCC_GetSysClockFreq
 .text.HAL_RCC_OscConfig
                0x08000a1c      0x62c CMakeFiles/embedded-test.elf.dir/Drivers/STM32L4xx_HAL_Driver/Src/stm32l4xx_hal_rcc.c.obj
                0x08000a1c                HAL_RCC_OscConfig
 .text.HAL_RCC_ClockConfig
                0x08001048      0x15c CMakeFiles/embedded-test.elf.dir/Drivers/STM32L4xx_HAL_Driver/Src/stm32l4xx_hal_rcc.c.obj
                0x08001048                HAL_RCC_ClockConfig
 .text.HAL_RCC_GetHCLKFreq
                0x080011a4        0xc CMakeFiles/embedded-test.elf.dir/Drivers/STM32L4xx_HAL_Driver/Src/stm32l4xx_hal_rcc.c.obj
                0x080011a4                HAL_RCC_GetHCLKFreq
 .text.HAL_RCC_GetPCLK1Freq
                0x080011b0       0x24 CMakeFiles/embedded-test.elf.dir/Drivers/STM32L4xx_HAL_Driver/Src/stm32l4xx_hal_rcc.c.obj
                0x080011b0                HAL_RCC_GetPCLK1Freq
 .text.HAL_RCC_GetPCLK2Freq
                0x080011d4       0x24 CMakeFiles/embedded-test.elf.dir/Drivers/STM32L4xx_HAL_Driver/Src/stm32l4xx_hal_rcc.c.obj
                0x080011d4                HAL_RCC_GetPCLK2Freq
 .text.RCCEx_PLLSAI1_Config
                0x080011f8      0x170 CMakeFiles/embedded-test.elf.dir/Drivers/STM32L4xx_HAL_Driver/Src/stm32l4xx_hal_rcc_ex.c.obj
 .text.RCCEx_PLLSAI2_Config
                0x08001368      0x14c CMakeFiles/embedded-test.elf.dir/Drivers/STM32L4xx_HAL_Driver/Src/stm32l4xx_hal_rcc_ex.c.obj
 .text.HAL_RCCEx_PeriphCLKConfig
                0x080014b4      0x454 CMakeFiles/embedded-test.elf.dir/Drivers/STM32L4xx_HAL_Driver/Src/stm32l4xx_hal_rcc_ex.c.obj
                0x080014b4                HAL_RCCEx_PeriphCLKConfig
 .text.UART_SetConfig
                0x08001908      0x328 CMakeFiles/embedded-test.elf.dir/Drivers/STM32L4xx_HAL_Driver/Src/stm32l4xx_hal_uart.c.obj
                0x08001908                UART_SetConfig
 .text.UART_AdvFeatureConfig
                0x08001c30       0xca CMakeFiles/embedded-test.elf.dir/Drivers/STM32L4xx_HAL_Driver/Src/stm32l4xx_hal_uart.c.obj
                0x08001c30                UART_AdvFeatureConfig
 .text.UART_WaitOnFlagUntilTimeout
                0x08001cfa       0xa6 CMakeFiles/embedded-test.elf.dir/Drivers/STM32L4xx_HAL_Driver/Src/stm32l4xx_hal_uart.c.obj
                0x08001cfa                UART_WaitOnFlagUntilTimeout
 .text.UART_CheckIdleState
                0x08001da0       0x6c CMakeFiles/embedded-test.elf.dir/Drivers/STM32L4xx_HAL_Driver/Src/stm32l4xx_hal_uart.c.obj
                0x08001da0                UART_CheckIdleState
 .text.HAL_UART_Init
                0x08001e0c       0x62 CMakeFiles/embedded-test.elf.dir/Drivers/STM32L4xx_HAL_Driver/Src/stm32l4xx_hal_uart.c.obj
                0x08001e0c                HAL_UART_Init
 *fill*         0x08001e6e        0x2 
 .text.MX_GPIO_Init
                0x08001e70       0xa0 CMakeFiles/embedded-test.elf.dir/Src/main.c.obj
 .text.Error_Handler
                0x08001f10        0x4 CMakeFiles/embedded-test.elf.dir/Src/main.c.obj
                0x08001f10                Error_Handler
 .text.MX_USART2_UART_Init
                0x08001f14       0x38 CMakeFiles/embedded-test.elf.dir/Src/main.c.obj
 .text.SystemClock_Config
                0x08001f4c       0x96 CMakeFiles/embedded-test.elf.dir/Src/main.c.obj
                0x08001f4c                SystemClock_Config
 .text.main     0x08001fe2       0x3c CMakeFiles/embedded-test.elf.dir/Src/main.c.obj
                0x08001fe2                main
 *fill*         0x0800201e        0x2 
 .text.HAL_MspInit
                0x08002020       0x30 CMakeFiles/embedded-test.elf.dir/Src/stm32l4xx_hal_msp.c.obj
                0x08002020                HAL_MspInit
 .text.HAL_UART_MspInit
                0x08002050       0x68 CMakeFiles/embedded-test.elf.dir/Src/stm32l4xx_hal_msp.c.obj
                0x08002050                HAL_UART_MspInit
 .text.NMI_Handler
                0x080020b8        0x2 CMakeFiles/embedded-test.elf.dir/Src/stm32l4xx_it.c.obj
                0x080020b8                NMI_Handler
 .text.HardFault_Handler
                0x080020ba        0x2 CMakeFiles/embedded-test.elf.dir/Src/stm32l4xx_it.c.obj
                0x080020ba                HardFault_Handler
 .text.MemManage_Handler
                0x080020bc        0x2 CMakeFiles/embedded-test.elf.dir/Src/stm32l4xx_it.c.obj
                0x080020bc                MemManage_Handler
 .text.BusFault_Handler
                0x080020be        0x2 CMakeFiles/embedded-test.elf.dir/Src/stm32l4xx_it.c.obj
                0x080020be                BusFault_Handler
 .text.UsageFault_Handler
                0x080020c0        0x2 CMakeFiles/embedded-test.elf.dir/Src/stm32l4xx_it.c.obj
                0x080020c0                UsageFault_Handler
 .text.SVC_Handler
                0x080020c2        0x2 CMakeFiles/embedded-test.elf.dir/Src/stm32l4xx_it.c.obj
                0x080020c2                SVC_Handler
 .text.DebugMon_Handler
                0x080020c4        0x2 CMakeFiles/embedded-test.elf.dir/Src/stm32l4xx_it.c.obj
                0x080020c4                DebugMon_Handler
 .text.PendSV_Handler
                0x080020c6        0x2 CMakeFiles/embedded-test.elf.dir/Src/stm32l4xx_it.c.obj
                0x080020c6                PendSV_Handler
 .text.SysTick_Handler
                0x080020c8        0x8 CMakeFiles/embedded-test.elf.dir/Src/stm32l4xx_it.c.obj
                0x080020c8                SysTick_Handler
 .text.SystemInit
                0x080020d0       0x3c CMakeFiles/embedded-test.elf.dir/Src/system_stm32l4xx.c.obj
                0x080020d0                SystemInit
 .text.Reset_Handler
                0x0800210c       0x50 CMakeFiles/embedded-test.elf.dir/Startup/startup_stm32l476rgtx.s.obj
                0x0800210c                Reset_Handler
 .text.Default_Handler
                0x0800215c        0x2 CMakeFiles/embedded-test.elf.dir/Startup/startup_stm32l476rgtx.s.obj
                0x0800215c                RTC_Alarm_IRQHandler
                0x0800215c                EXTI2_IRQHandler
                0x0800215c                TIM8_TRG_COM_IRQHandler
                0x0800215c                TIM8_CC_IRQHandler
                0x0800215c                TIM1_CC_IRQHandler
                0x0800215c                TSC_IRQHandler
                0x0800215c                TAMP_STAMP_IRQHandler
                0x0800215c                EXTI3_IRQHandler
                0x0800215c                LPTIM2_IRQHandler
                0x0800215c                DFSDM1_FLT1_IRQHandler
                0x0800215c                I2C3_ER_IRQHandler
                0x0800215c                DFSDM1_FLT2_IRQHandler
                0x0800215c                EXTI0_IRQHandler
                0x0800215c                I2C2_EV_IRQHandler
                0x0800215c                CAN1_RX0_IRQHandler
                0x0800215c                FPU_IRQHandler
                0x0800215c                TIM1_UP_TIM16_IRQHandler
                0x0800215c                ADC1_2_IRQHandler
                0x0800215c                SPI1_IRQHandler
                0x0800215c                TIM6_DAC_IRQHandler
                0x0800215c                TIM8_UP_IRQHandler
                0x0800215c                DMA2_Channel2_IRQHandler
                0x0800215c                DMA1_Channel4_IRQHandler
                0x0800215c                SAI2_IRQHandler
                0x0800215c                DFSDM1_FLT3_IRQHandler
                0x0800215c                USART3_IRQHandler
                0x0800215c                DMA1_Channel7_IRQHandler
                0x0800215c                CAN1_RX1_IRQHandler
                0x0800215c                LCD_IRQHandler
                0x0800215c                UART5_IRQHandler
                0x0800215c                ADC3_IRQHandler
                0x0800215c                TIM4_IRQHandler
                0x0800215c                DMA2_Channel1_IRQHandler
                0x0800215c                QUADSPI_IRQHandler
                0x0800215c                I2C1_EV_IRQHandler
                0x0800215c                DMA1_Channel6_IRQHandler
                0x0800215c                UART4_IRQHandler
                0x0800215c                DMA2_Channel4_IRQHandler
                0x0800215c                TIM3_IRQHandler
                0x0800215c                RCC_IRQHandler
                0x0800215c                DMA1_Channel1_IRQHandler
                0x0800215c                Default_Handler
                0x0800215c                DMA2_Channel7_IRQHandler
                0x0800215c                EXTI15_10_IRQHandler
                0x0800215c                TIM7_IRQHandler
                0x0800215c                SDMMC1_IRQHandler
                0x0800215c                TIM5_IRQHandler
                0x0800215c                I2C3_EV_IRQHandler
                0x0800215c                EXTI9_5_IRQHandler
                0x0800215c                RTC_WKUP_IRQHandler
                0x0800215c                PVD_PVM_IRQHandler
                0x0800215c                SPI2_IRQHandler
                0x0800215c                CAN1_TX_IRQHandler
                0x0800215c                DMA2_Channel5_IRQHandler
                0x0800215c                DMA1_Channel5_IRQHandler
                0x0800215c                EXTI4_IRQHandler
                0x0800215c                RNG_IRQHandler
                0x0800215c                TIM1_TRG_COM_TIM17_IRQHandler
                0x0800215c                DMA1_Channel3_IRQHandler
                0x0800215c                COMP_IRQHandler
                0x0800215c                WWDG_IRQHandler
                0x0800215c                LPUART1_IRQHandler
                0x0800215c                DMA2_Channel6_IRQHandler
                0x0800215c                TIM2_IRQHandler
                0x0800215c                EXTI1_IRQHandler
                0x0800215c                USART2_IRQHandler
                0x0800215c                DFSDM1_FLT0_IRQHandler
                0x0800215c                I2C2_ER_IRQHandler
                0x0800215c                DMA1_Channel2_IRQHandler
                0x0800215c                TIM8_BRK_IRQHandler
                0x0800215c                CAN1_SCE_IRQHandler
                0x0800215c                FLASH_IRQHandler
                0x0800215c                USART1_IRQHandler
                0x0800215c                OTG_FS_IRQHandler
                0x0800215c                SPI3_IRQHandler
                0x0800215c                I2C1_ER_IRQHandler
                0x0800215c                FMC_IRQHandler
                0x0800215c                SWPMI1_IRQHandler
                0x0800215c                LPTIM1_IRQHandler
                0x0800215c                SAI1_IRQHandler
                0x0800215c                DMA2_Channel3_IRQHandler
                0x0800215c                TIM1_BRK_TIM15_IRQHandler
 *fill*         0x0800215e        0x2 
 .text.__libc_init_array
                0x08002160       0x48 c:/progra~2/gnu arm embedded toolchain/10 2020-q4-major/bin/../lib/gcc/arm-none-eabi/10.2.1/../../../../arm-none-eabi/lib/thumb/v7e-m/nofp\libc.a(lib_a-init.o)
                0x08002160                __libc_init_array
 .text.memset   0x080021a8       0xa4 c:/progra~2/gnu arm embedded toolchain/10 2020-q4-major/bin/../lib/gcc/arm-none-eabi/10.2.1/../../../../arm-none-eabi/lib/thumb/v7e-m/nofp\libc.a(lib_a-memset.o)
                0x080021a8                memset
 .text.startup.register_fini
                0x0800224c       0x14 c:/progra~2/gnu arm embedded toolchain/10 2020-q4-major/bin/../lib/gcc/arm-none-eabi/10.2.1/../../../../arm-none-eabi/lib/thumb/v7e-m/nofp\libc.a(lib_a-__call_atexit.o)
 .text.atexit   0x08002260        0xc c:/progra~2/gnu arm embedded toolchain/10 2020-q4-major/bin/../lib/gcc/arm-none-eabi/10.2.1/../../../../arm-none-eabi/lib/thumb/v7e-m/nofp\libc.a(lib_a-atexit.o)
                0x08002260                atexit
 .text.__libc_fini_array
                0x0800226c       0x2c c:/progra~2/gnu arm embedded toolchain/10 2020-q4-major/bin/../lib/gcc/arm-none-eabi/10.2.1/../../../../arm-none-eabi/lib/thumb/v7e-m/nofp\libc.a(lib_a-fini.o)
                0x0800226c                __libc_fini_array
 .text.__retarget_lock_acquire_recursive
                0x08002298        0x4 c:/progra~2/gnu arm embedded toolchain/10 2020-q4-major/bin/../lib/gcc/arm-none-eabi/10.2.1/../../../../arm-none-eabi/lib/thumb/v7e-m/nofp\libc.a(lib_a-lock.o)
                0x08002298                __retarget_lock_acquire_recursive
 .text.__retarget_lock_release_recursive
                0x0800229c        0x4 c:/progra~2/gnu arm embedded toolchain/10 2020-q4-major/bin/../lib/gcc/arm-none-eabi/10.2.1/../../../../arm-none-eabi/lib/thumb/v7e-m/nofp\libc.a(lib_a-lock.o)
                0x0800229c                __retarget_lock_release_recursive
 .text.__register_exitproc
                0x080022a0       0x8c c:/progra~2/gnu arm embedded toolchain/10 2020-q4-major/bin/../lib/gcc/arm-none-eabi/10.2.1/../../../../arm-none-eabi/lib/thumb/v7e-m/nofp\libc.a(lib_a-__atexit.o)
                0x080022a0                __register_exitproc
 *(.glue_7)
 .glue_7        0x0800232c        0x0 linker stubs
 *(.glue_7t)
 .glue_7t       0x0800232c        0x0 linker stubs
 *(.eh_frame)
 .eh_frame      0x0800232c        0x0 c:/progra~2/gnu arm embedded toolchain/10 2020-q4-major/bin/../lib/gcc/arm-none-eabi/10.2.1/thumb/v7e-m/nofp/crtbegin.o
 *(.init)
 .init          0x0800232c        0x4 c:/progra~2/gnu arm embedded toolchain/10 2020-q4-major/bin/../lib/gcc/arm-none-eabi/10.2.1/thumb/v7e-m/nofp/crti.o
                0x0800232c                _init
 .init          0x08002330        0x8 c:/progra~2/gnu arm embedded toolchain/10 2020-q4-major/bin/../lib/gcc/arm-none-eabi/10.2.1/thumb/v7e-m/nofp/crtn.o
 *(.fini)
 .fini          0x08002338        0x4 c:/progra~2/gnu arm embedded toolchain/10 2020-q4-major/bin/../lib/gcc/arm-none-eabi/10.2.1/thumb/v7e-m/nofp/crti.o
                0x08002338                _fini
 .fini          0x0800233c        0x8 c:/progra~2/gnu arm embedded toolchain/10 2020-q4-major/bin/../lib/gcc/arm-none-eabi/10.2.1/thumb/v7e-m/nofp/crtn.o
                0x08002344                . = ALIGN (0x4)
                0x08002344                _etext = .

.vfp11_veneer   0x08002344        0x0
 .vfp11_veneer  0x08002344        0x0 linker stubs

.v4_bx          0x08002344        0x0
 .v4_bx         0x08002344        0x0 linker stubs

.iplt           0x08002344        0x0
 .iplt          0x08002344        0x0 c:/progra~2/gnu arm embedded toolchain/10 2020-q4-major/bin/../lib/gcc/arm-none-eabi/10.2.1/thumb/v7e-m/nofp/crtbegin.o

.rodata         0x08002344       0x4c
                0x08002344                . = ALIGN (0x4)
 *(.rodata)
 *(.rodata*)
 .rodata.AHBPrescTable
                0x08002344       0x10 CMakeFiles/embedded-test.elf.dir/Src/system_stm32l4xx.c.obj
                0x08002344                AHBPrescTable
 .rodata.APBPrescTable
                0x08002354        0x8 CMakeFiles/embedded-test.elf.dir/Src/system_stm32l4xx.c.obj
                0x08002354                APBPrescTable
 .rodata.MSIRangeTable
                0x0800235c       0x30 CMakeFiles/embedded-test.elf.dir/Src/system_stm32l4xx.c.obj
                0x0800235c                MSIRangeTable
 .rodata._global_impure_ptr
                0x0800238c        0x4 c:/progra~2/gnu arm embedded toolchain/10 2020-q4-major/bin/../lib/gcc/arm-none-eabi/10.2.1/../../../../arm-none-eabi/lib/thumb/v7e-m/nofp\libc.a(lib_a-impure.o)
                0x0800238c                _global_impure_ptr
                0x08002390                . = ALIGN (0x4)

.ARM.extab      0x08002390        0x0
                0x08002390                . = ALIGN (0x4)
 *(.ARM.extab* .gnu.linkonce.armextab.*)
                0x08002390                . = ALIGN (0x4)

.ARM            0x08002390        0x8
                0x08002390                . = ALIGN (0x4)
                0x08002390                __exidx_start = .
 *(.ARM.exidx*)
 .ARM.exidx     0x08002390        0x8 c:/progra~2/gnu arm embedded toolchain/10 2020-q4-major/bin/../lib/gcc/arm-none-eabi/10.2.1/thumb/v7e-m/nofp\libgcc.a(_udivmoddi4.o)
                0x08002398                __exidx_end = .
                0x08002398                . = ALIGN (0x4)

.rel.dyn        0x08002398        0x0
 .rel.iplt      0x08002398        0x0 c:/progra~2/gnu arm embedded toolchain/10 2020-q4-major/bin/../lib/gcc/arm-none-eabi/10.2.1/thumb/v7e-m/nofp/crtbegin.o

.preinit_array  0x08002398        0x0
                0x08002398                . = ALIGN (0x4)
                0x08002398                PROVIDE (__preinit_array_start = .)
 *(.preinit_array*)
                0x08002398                PROVIDE (__preinit_array_end = .)
                0x08002398                . = ALIGN (0x4)

.init_array     0x08002398        0x8
                0x08002398                . = ALIGN (0x4)
                0x08002398                PROVIDE (__init_array_start = .)
 *(SORT_BY_NAME(.init_array.*))
 .init_array.00000
                0x08002398        0x4 c:/progra~2/gnu arm embedded toolchain/10 2020-q4-major/bin/../lib/gcc/arm-none-eabi/10.2.1/../../../../arm-none-eabi/lib/thumb/v7e-m/nofp\libc.a(lib_a-__call_atexit.o)
 *(.init_array*)
 .init_array    0x0800239c        0x4 c:/progra~2/gnu arm embedded toolchain/10 2020-q4-major/bin/../lib/gcc/arm-none-eabi/10.2.1/thumb/v7e-m/nofp/crtbegin.o
                0x080023a0                PROVIDE (__init_array_end = .)
                0x080023a0                . = ALIGN (0x4)

.fini_array     0x080023a0        0x4
                0x080023a0                . = ALIGN (0x4)
                0x080023a0                PROVIDE (__fini_array_start = .)
 *(SORT_BY_NAME(.fini_array.*))
 *(.fini_array*)
 .fini_array    0x080023a0        0x4 c:/progra~2/gnu arm embedded toolchain/10 2020-q4-major/bin/../lib/gcc/arm-none-eabi/10.2.1/thumb/v7e-m/nofp/crtbegin.o
                0x080023a4                PROVIDE (__fini_array_end = .)
                0x080023a4                . = ALIGN (0x4)
                0x080023a4                _sidata = LOADADDR (.data)

.data           0x20000000      0x43c load address 0x080023a4
                0x20000000                . = ALIGN (0x4)
                0x20000000                _sdata = .
 *(.data)
 *(.data*)
 .data.uwTickFreq
                0x20000000        0x1 CMakeFiles/embedded-test.elf.dir/Drivers/STM32L4xx_HAL_Driver/Src/stm32l4xx_hal.c.obj
                0x20000000                uwTickFreq
 *fill*         0x20000001        0x3 
 .data.uwTickPrio
                0x20000004        0x4 CMakeFiles/embedded-test.elf.dir/Drivers/STM32L4xx_HAL_Driver/Src/stm32l4xx_hal.c.obj
                0x20000004                uwTickPrio
 .data.SystemCoreClock
                0x20000008        0x4 CMakeFiles/embedded-test.elf.dir/Src/system_stm32l4xx.c.obj
                0x20000008                SystemCoreClock
 *fill*         0x2000000c        0x4 
 .data.impure_data
                0x20000010      0x428 c:/progra~2/gnu arm embedded toolchain/10 2020-q4-major/bin/../lib/gcc/arm-none-eabi/10.2.1/../../../../arm-none-eabi/lib/thumb/v7e-m/nofp\libc.a(lib_a-impure.o)
 .data.__atexit_recursive_mutex
                0x20000438        0x4 c:/progra~2/gnu arm embedded toolchain/10 2020-q4-major/bin/../lib/gcc/arm-none-eabi/10.2.1/../../../../arm-none-eabi/lib/thumb/v7e-m/nofp\libc.a(lib_a-__call_atexit.o)
                0x20000438                __atexit_recursive_mutex
                0x2000043c                . = ALIGN (0x4)
                0x2000043c                _edata = .

.igot.plt       0x2000043c        0x0 load address 0x080027e0
 .igot.plt      0x2000043c        0x0 c:/progra~2/gnu arm embedded toolchain/10 2020-q4-major/bin/../lib/gcc/arm-none-eabi/10.2.1/thumb/v7e-m/nofp/crtbegin.o
                0x2000043c                . = ALIGN (0x4)

.bss            0x2000043c       0xa4 load address 0x080027e0
                0x2000043c                _sbss = .
                0x2000043c                __bss_start__ = _sbss
 *(.bss)
 .bss           0x2000043c       0x1c c:/progra~2/gnu arm embedded toolchain/10 2020-q4-major/bin/../lib/gcc/arm-none-eabi/10.2.1/thumb/v7e-m/nofp/crtbegin.o
 *(.bss*)
 .bss.uwTick    0x20000458        0x4 CMakeFiles/embedded-test.elf.dir/Drivers/STM32L4xx_HAL_Driver/Src/stm32l4xx_hal.c.obj
                0x20000458                uwTick
 .bss.huart2    0x2000045c       0x80 CMakeFiles/embedded-test.elf.dir/Src/main.c.obj
                0x2000045c                huart2
 .bss.__lock___atexit_recursive_mutex
                0x200004dc        0x1 c:/progra~2/gnu arm embedded toolchain/10 2020-q4-major/bin/../lib/gcc/arm-none-eabi/10.2.1/../../../../arm-none-eabi/lib/thumb/v7e-m/nofp\libc.a(lib_a-lock.o)
                0x200004dc                __lock___atexit_recursive_mutex
 *(COMMON)
                0x200004e0                . = ALIGN (0x4)
 *fill*         0x200004dd        0x3 
                0x200004e0                _ebss = .
                0x200004e0                __bss_end__ = _ebss

._user_heap_stack
                0x200004e0      0x600 load address 0x080027e0
                0x200004e0                . = ALIGN (0x8)
                [!provide]                PROVIDE (end = .)
                0x200004e0                PROVIDE (_end = .)
                0x200006e0                . = (. + _Min_Heap_Size)
 *fill*         0x200004e0      0x200 
                0x20000ae0                . = (. + _Min_Stack_Size)
 *fill*         0x200006e0      0x400 
                0x20000ae0                . = ALIGN (0x8)

/DISCARD/
 libc.a(*)
 libm.a(*)
 libgcc.a(*)

.ARM.attributes
                0x00000000       0x2a
 *(.ARM.attributes)
 .ARM.attributes
                0x00000000       0x1e c:/progra~2/gnu arm embedded toolchain/10 2020-q4-major/bin/../lib/gcc/arm-none-eabi/10.2.1/thumb/v7e-m/nofp/crti.o
 .ARM.attributes
                0x0000001e       0x2e c:/progra~2/gnu arm embedded toolchain/10 2020-q4-major/bin/../lib/gcc/arm-none-eabi/10.2.1/thumb/v7e-m/nofp/crtbegin.o
 .ARM.attributes
                0x0000004c       0x2e CMakeFiles/embedded-test.elf.dir/Drivers/STM32L4xx_HAL_Driver/Src/stm32l4xx_hal.c.obj
 .ARM.attributes
                0x0000007a       0x2e CMakeFiles/embedded-test.elf.dir/Drivers/STM32L4xx_HAL_Driver/Src/stm32l4xx_hal_cortex.c.obj
 .ARM.attributes
                0x000000a8       0x2e CMakeFiles/embedded-test.elf.dir/Drivers/STM32L4xx_HAL_Driver/Src/stm32l4xx_hal_gpio.c.obj
 .ARM.attributes
                0x000000d6       0x2e CMakeFiles/embedded-test.elf.dir/Drivers/STM32L4xx_HAL_Driver/Src/stm32l4xx_hal_pwr_ex.c.obj
 .ARM.attributes
                0x00000104       0x2e CMakeFiles/embedded-test.elf.dir/Drivers/STM32L4xx_HAL_Driver/Src/stm32l4xx_hal_rcc.c.obj
 .ARM.attributes
                0x00000132       0x2e CMakeFiles/embedded-test.elf.dir/Drivers/STM32L4xx_HAL_Driver/Src/stm32l4xx_hal_rcc_ex.c.obj
 .ARM.attributes
                0x00000160       0x2e CMakeFiles/embedded-test.elf.dir/Drivers/STM32L4xx_HAL_Driver/Src/stm32l4xx_hal_uart.c.obj
 .ARM.attributes
                0x0000018e       0x2e CMakeFiles/embedded-test.elf.dir/Src/main.c.obj
 .ARM.attributes
                0x000001bc       0x2e CMakeFiles/embedded-test.elf.dir/Src/stm32l4xx_hal_msp.c.obj
 .ARM.attributes
                0x000001ea       0x2e CMakeFiles/embedded-test.elf.dir/Src/stm32l4xx_it.c.obj
 .ARM.attributes
                0x00000218       0x2e CMakeFiles/embedded-test.elf.dir/Src/system_stm32l4xx.c.obj
 .ARM.attributes
                0x00000246       0x21 CMakeFiles/embedded-test.elf.dir/Startup/startup_stm32l476rgtx.s.obj
 .ARM.attributes
                0x00000267       0x1e c:/progra~2/gnu arm embedded toolchain/10 2020-q4-major/bin/../lib/gcc/arm-none-eabi/10.2.1/thumb/v7e-m/nofp\libgcc.a(_aeabi_uldivmod.o)
 .ARM.attributes
                0x00000285       0x2e c:/progra~2/gnu arm embedded toolchain/10 2020-q4-major/bin/../lib/gcc/arm-none-eabi/10.2.1/thumb/v7e-m/nofp\libgcc.a(_udivmoddi4.o)
 .ARM.attributes
                0x000002b3       0x1e c:/progra~2/gnu arm embedded toolchain/10 2020-q4-major/bin/../lib/gcc/arm-none-eabi/10.2.1/thumb/v7e-m/nofp\libgcc.a(_dvmd_tls.o)
 .ARM.attributes
                0x000002d1       0x2e c:/progra~2/gnu arm embedded toolchain/10 2020-q4-major/bin/../lib/gcc/arm-none-eabi/10.2.1/../../../../arm-none-eabi/lib/thumb/v7e-m/nofp\libc.a(lib_a-impure.o)
 .ARM.attributes
                0x000002ff       0x2e c:/progra~2/gnu arm embedded toolchain/10 2020-q4-major/bin/../lib/gcc/arm-none-eabi/10.2.1/../../../../arm-none-eabi/lib/thumb/v7e-m/nofp\libc.a(lib_a-init.o)
 .ARM.attributes
                0x0000032d       0x2e c:/progra~2/gnu arm embedded toolchain/10 2020-q4-major/bin/../lib/gcc/arm-none-eabi/10.2.1/../../../../arm-none-eabi/lib/thumb/v7e-m/nofp\libc.a(lib_a-memset.o)
 .ARM.attributes
                0x0000035b       0x2e c:/progra~2/gnu arm embedded toolchain/10 2020-q4-major/bin/../lib/gcc/arm-none-eabi/10.2.1/../../../../arm-none-eabi/lib/thumb/v7e-m/nofp\libc.a(lib_a-__call_atexit.o)
 .ARM.attributes
                0x00000389       0x2e c:/progra~2/gnu arm embedded toolchain/10 2020-q4-major/bin/../lib/gcc/arm-none-eabi/10.2.1/../../../../arm-none-eabi/lib/thumb/v7e-m/nofp\libc.a(lib_a-atexit.o)
 .ARM.attributes
                0x000003b7       0x2e c:/progra~2/gnu arm embedded toolchain/10 2020-q4-major/bin/../lib/gcc/arm-none-eabi/10.2.1/../../../../arm-none-eabi/lib/thumb/v7e-m/nofp\libc.a(lib_a-fini.o)
 .ARM.attributes
                0x000003e5       0x2e c:/progra~2/gnu arm embedded toolchain/10 2020-q4-major/bin/../lib/gcc/arm-none-eabi/10.2.1/../../../../arm-none-eabi/lib/thumb/v7e-m/nofp\libc.a(lib_a-lock.o)
 .ARM.attributes
                0x00000413       0x2e c:/progra~2/gnu arm embedded toolchain/10 2020-q4-major/bin/../lib/gcc/arm-none-eabi/10.2.1/../../../../arm-none-eabi/lib/thumb/v7e-m/nofp\libc.a(lib_a-__atexit.o)
 .ARM.attributes
                0x00000441       0x1e c:/progra~2/gnu arm embedded toolchain/10 2020-q4-major/bin/../lib/gcc/arm-none-eabi/10.2.1/thumb/v7e-m/nofp/crtn.o
OUTPUT(embedded-test.elf elf32-littlearm)
LOAD linker stubs
LOAD c:/progra~2/gnu arm embedded toolchain/10 2020-q4-major/bin/../lib/gcc/arm-none-eabi/10.2.1/../../../../arm-none-eabi/lib/thumb/v7e-m/nofp\libc.a
LOAD c:/progra~2/gnu arm embedded toolchain/10 2020-q4-major/bin/../lib/gcc/arm-none-eabi/10.2.1/../../../../arm-none-eabi/lib/thumb/v7e-m/nofp\libm.a
LOAD c:/progra~2/gnu arm embedded toolchain/10 2020-q4-major/bin/../lib/gcc/arm-none-eabi/10.2.1/thumb/v7e-m/nofp\libgcc.a

.debug_info     0x00000000     0x9434
 .debug_info    0x00000000      0xce8 CMakeFiles/embedded-test.elf.dir/Drivers/STM32L4xx_HAL_Driver/Src/stm32l4xx_hal.c.obj
 .debug_info    0x00000ce8     0x109e CMakeFiles/embedded-test.elf.dir/Drivers/STM32L4xx_HAL_Driver/Src/stm32l4xx_hal_cortex.c.obj
 .debug_info    0x00001d86      0x858 CMakeFiles/embedded-test.elf.dir/Drivers/STM32L4xx_HAL_Driver/Src/stm32l4xx_hal_gpio.c.obj
 .debug_info    0x000025de      0xa7c CMakeFiles/embedded-test.elf.dir/Drivers/STM32L4xx_HAL_Driver/Src/stm32l4xx_hal_pwr_ex.c.obj
 .debug_info    0x0000305a      0xf0e CMakeFiles/embedded-test.elf.dir/Drivers/STM32L4xx_HAL_Driver/Src/stm32l4xx_hal_rcc.c.obj
 .debug_info    0x00003f68     0x125c CMakeFiles/embedded-test.elf.dir/Drivers/STM32L4xx_HAL_Driver/Src/stm32l4xx_hal_rcc_ex.c.obj
 .debug_info    0x000051c4     0x1f76 CMakeFiles/embedded-test.elf.dir/Drivers/STM32L4xx_HAL_Driver/Src/stm32l4xx_hal_uart.c.obj
 .debug_info    0x0000713a     0x10e4 CMakeFiles/embedded-test.elf.dir/Src/main.c.obj
 .debug_info    0x0000821e      0xac2 CMakeFiles/embedded-test.elf.dir/Src/stm32l4xx_hal_msp.c.obj
 .debug_info    0x00008ce0      0x130 CMakeFiles/embedded-test.elf.dir/Src/stm32l4xx_it.c.obj
 .debug_info    0x00008e10      0x602 CMakeFiles/embedded-test.elf.dir/Src/system_stm32l4xx.c.obj
 .debug_info    0x00009412       0x22 CMakeFiles/embedded-test.elf.dir/Startup/startup_stm32l476rgtx.s.obj

.debug_abbrev   0x00000000     0x1604
 .debug_abbrev  0x00000000      0x22a CMakeFiles/embedded-test.elf.dir/Drivers/STM32L4xx_HAL_Driver/Src/stm32l4xx_hal.c.obj
 .debug_abbrev  0x0000022a      0x36a CMakeFiles/embedded-test.elf.dir/Drivers/STM32L4xx_HAL_Driver/Src/stm32l4xx_hal_cortex.c.obj
 .debug_abbrev  0x00000594      0x1e6 CMakeFiles/embedded-test.elf.dir/Drivers/STM32L4xx_HAL_Driver/Src/stm32l4xx_hal_gpio.c.obj
 .debug_abbrev  0x0000077a      0x215 CMakeFiles/embedded-test.elf.dir/Drivers/STM32L4xx_HAL_Driver/Src/stm32l4xx_hal_pwr_ex.c.obj
 .debug_abbrev  0x0000098f      0x251 CMakeFiles/embedded-test.elf.dir/Drivers/STM32L4xx_HAL_Driver/Src/stm32l4xx_hal_rcc.c.obj
 .debug_abbrev  0x00000be0      0x275 CMakeFiles/embedded-test.elf.dir/Drivers/STM32L4xx_HAL_Driver/Src/stm32l4xx_hal_rcc_ex.c.obj
 .debug_abbrev  0x00000e55      0x245 CMakeFiles/embedded-test.elf.dir/Drivers/STM32L4xx_HAL_Driver/Src/stm32l4xx_hal_uart.c.obj
 .debug_abbrev  0x0000109a      0x20d CMakeFiles/embedded-test.elf.dir/Src/main.c.obj
 .debug_abbrev  0x000012a7      0x18f CMakeFiles/embedded-test.elf.dir/Src/stm32l4xx_hal_msp.c.obj
 .debug_abbrev  0x00001436       0x7e CMakeFiles/embedded-test.elf.dir/Src/stm32l4xx_it.c.obj
 .debug_abbrev  0x000014b4      0x13e CMakeFiles/embedded-test.elf.dir/Src/system_stm32l4xx.c.obj
 .debug_abbrev  0x000015f2       0x12 CMakeFiles/embedded-test.elf.dir/Startup/startup_stm32l476rgtx.s.obj

.debug_loc      0x00000000     0x59bd
 .debug_loc     0x00000000      0x1ef CMakeFiles/embedded-test.elf.dir/Drivers/STM32L4xx_HAL_Driver/Src/stm32l4xx_hal.c.obj
 .debug_loc     0x000001ef      0x744 CMakeFiles/embedded-test.elf.dir/Drivers/STM32L4xx_HAL_Driver/Src/stm32l4xx_hal_cortex.c.obj
 .debug_loc     0x00000933      0x3ce CMakeFiles/embedded-test.elf.dir/Drivers/STM32L4xx_HAL_Driver/Src/stm32l4xx_hal_gpio.c.obj
 .debug_loc     0x00000d01      0xb06 CMakeFiles/embedded-test.elf.dir/Drivers/STM32L4xx_HAL_Driver/Src/stm32l4xx_hal_pwr_ex.c.obj
 .debug_loc     0x00001807      0x80d CMakeFiles/embedded-test.elf.dir/Drivers/STM32L4xx_HAL_Driver/Src/stm32l4xx_hal_rcc.c.obj
 .debug_loc     0x00002014     0x1af9 CMakeFiles/embedded-test.elf.dir/Drivers/STM32L4xx_HAL_Driver/Src/stm32l4xx_hal_rcc_ex.c.obj
 .debug_loc     0x00003b0d     0x1c41 CMakeFiles/embedded-test.elf.dir/Drivers/STM32L4xx_HAL_Driver/Src/stm32l4xx_hal_uart.c.obj
 .debug_loc     0x0000574e       0x84 CMakeFiles/embedded-test.elf.dir/Src/stm32l4xx_hal_msp.c.obj
 .debug_loc     0x000057d2      0x1eb CMakeFiles/embedded-test.elf.dir/Src/system_stm32l4xx.c.obj

.debug_aranges  0x00000000      0x7f8
 .debug_aranges
                0x00000000      0x130 CMakeFiles/embedded-test.elf.dir/Drivers/STM32L4xx_HAL_Driver/Src/stm32l4xx_hal.c.obj
 .debug_aranges
                0x00000130       0xa8 CMakeFiles/embedded-test.elf.dir/Drivers/STM32L4xx_HAL_Driver/Src/stm32l4xx_hal_cortex.c.obj
 .debug_aranges
                0x000001d8       0x58 CMakeFiles/embedded-test.elf.dir/Drivers/STM32L4xx_HAL_Driver/Src/stm32l4xx_hal_gpio.c.obj
 .debug_aranges
                0x00000230      0x150 CMakeFiles/embedded-test.elf.dir/Drivers/STM32L4xx_HAL_Driver/Src/stm32l4xx_hal_pwr_ex.c.obj
 .debug_aranges
                0x00000380       0x88 CMakeFiles/embedded-test.elf.dir/Drivers/STM32L4xx_HAL_Driver/Src/stm32l4xx_hal_rcc.c.obj
 .debug_aranges
                0x00000408       0xc0 CMakeFiles/embedded-test.elf.dir/Drivers/STM32L4xx_HAL_Driver/Src/stm32l4xx_hal_rcc_ex.c.obj
 .debug_aranges
                0x000004c8      0x210 CMakeFiles/embedded-test.elf.dir/Drivers/STM32L4xx_HAL_Driver/Src/stm32l4xx_hal_uart.c.obj
 .debug_aranges
                0x000006d8       0x40 CMakeFiles/embedded-test.elf.dir/Src/main.c.obj
 .debug_aranges
                0x00000718       0x30 CMakeFiles/embedded-test.elf.dir/Src/stm32l4xx_hal_msp.c.obj
 .debug_aranges
                0x00000748       0x60 CMakeFiles/embedded-test.elf.dir/Src/stm32l4xx_it.c.obj
 .debug_aranges
                0x000007a8       0x28 CMakeFiles/embedded-test.elf.dir/Src/system_stm32l4xx.c.obj
 .debug_aranges
                0x000007d0       0x28 CMakeFiles/embedded-test.elf.dir/Startup/startup_stm32l476rgtx.s.obj

.debug_ranges   0x00000000      0x7d0
 .debug_ranges  0x00000000      0x120 CMakeFiles/embedded-test.elf.dir/Drivers/STM32L4xx_HAL_Driver/Src/stm32l4xx_hal.c.obj
 .debug_ranges  0x00000120       0xf8 CMakeFiles/embedded-test.elf.dir/Drivers/STM32L4xx_HAL_Driver/Src/stm32l4xx_hal_cortex.c.obj
 .debug_ranges  0x00000218       0x48 CMakeFiles/embedded-test.elf.dir/Drivers/STM32L4xx_HAL_Driver/Src/stm32l4xx_hal_gpio.c.obj
 .debug_ranges  0x00000260      0x140 CMakeFiles/embedded-test.elf.dir/Drivers/STM32L4xx_HAL_Driver/Src/stm32l4xx_hal_pwr_ex.c.obj
 .debug_ranges  0x000003a0       0x90 CMakeFiles/embedded-test.elf.dir/Drivers/STM32L4xx_HAL_Driver/Src/stm32l4xx_hal_rcc.c.obj
 .debug_ranges  0x00000430       0xc8 CMakeFiles/embedded-test.elf.dir/Drivers/STM32L4xx_HAL_Driver/Src/stm32l4xx_hal_rcc_ex.c.obj
 .debug_ranges  0x000004f8      0x200 CMakeFiles/embedded-test.elf.dir/Drivers/STM32L4xx_HAL_Driver/Src/stm32l4xx_hal_uart.c.obj
 .debug_ranges  0x000006f8       0x30 CMakeFiles/embedded-test.elf.dir/Src/main.c.obj
 .debug_ranges  0x00000728       0x20 CMakeFiles/embedded-test.elf.dir/Src/stm32l4xx_hal_msp.c.obj
 .debug_ranges  0x00000748       0x50 CMakeFiles/embedded-test.elf.dir/Src/stm32l4xx_it.c.obj
 .debug_ranges  0x00000798       0x18 CMakeFiles/embedded-test.elf.dir/Src/system_stm32l4xx.c.obj
 .debug_ranges  0x000007b0       0x20 CMakeFiles/embedded-test.elf.dir/Startup/startup_stm32l476rgtx.s.obj

.debug_line     0x00000000     0x75b6
 .debug_line    0x00000000      0x71d CMakeFiles/embedded-test.elf.dir/Drivers/STM32L4xx_HAL_Driver/Src/stm32l4xx_hal.c.obj
 .debug_line    0x0000071d      0x7f7 CMakeFiles/embedded-test.elf.dir/Drivers/STM32L4xx_HAL_Driver/Src/stm32l4xx_hal_cortex.c.obj
 .debug_line    0x00000f14      0x725 CMakeFiles/embedded-test.elf.dir/Drivers/STM32L4xx_HAL_Driver/Src/stm32l4xx_hal_gpio.c.obj
 .debug_line    0x00001639      0xb36 CMakeFiles/embedded-test.elf.dir/Drivers/STM32L4xx_HAL_Driver/Src/stm32l4xx_hal_pwr_ex.c.obj
 .debug_line    0x0000216f      0xf10 CMakeFiles/embedded-test.elf.dir/Drivers/STM32L4xx_HAL_Driver/Src/stm32l4xx_hal_rcc.c.obj
 .debug_line    0x0000307f     0x1594 CMakeFiles/embedded-test.elf.dir/Drivers/STM32L4xx_HAL_Driver/Src/stm32l4xx_hal_rcc_ex.c.obj
 .debug_line    0x00004613     0x2248 CMakeFiles/embedded-test.elf.dir/Drivers/STM32L4xx_HAL_Driver/Src/stm32l4xx_hal_uart.c.obj
 .debug_line    0x0000685b      0x506 CMakeFiles/embedded-test.elf.dir/Src/main.c.obj
 .debug_line    0x00006d61      0x2d3 CMakeFiles/embedded-test.elf.dir/Src/stm32l4xx_hal_msp.c.obj
 .debug_line    0x00007034      0x1b2 CMakeFiles/embedded-test.elf.dir/Src/stm32l4xx_it.c.obj
 .debug_line    0x000071e6      0x331 CMakeFiles/embedded-test.elf.dir/Src/system_stm32l4xx.c.obj
 .debug_line    0x00007517       0x9f CMakeFiles/embedded-test.elf.dir/Startup/startup_stm32l476rgtx.s.obj

.debug_str      0x00000000     0x301e
 .debug_str     0x00000000      0xd0c CMakeFiles/embedded-test.elf.dir/Drivers/STM32L4xx_HAL_Driver/Src/stm32l4xx_hal.c.obj
                                0xd83 (size before relaxing)
 .debug_str     0x00000d0c      0x4c9 CMakeFiles/embedded-test.elf.dir/Drivers/STM32L4xx_HAL_Driver/Src/stm32l4xx_hal_cortex.c.obj
                                0xc49 (size before relaxing)
 .debug_str     0x000011d5      0x1f7 CMakeFiles/embedded-test.elf.dir/Drivers/STM32L4xx_HAL_Driver/Src/stm32l4xx_hal_gpio.c.obj
                                0x569 (size before relaxing)
 .debug_str     0x000013cc      0x577 CMakeFiles/embedded-test.elf.dir/Drivers/STM32L4xx_HAL_Driver/Src/stm32l4xx_hal_pwr_ex.c.obj
                                0x83d (size before relaxing)
 .debug_str     0x00001943      0x3a3 CMakeFiles/embedded-test.elf.dir/Drivers/STM32L4xx_HAL_Driver/Src/stm32l4xx_hal_rcc.c.obj
                                0x8a8 (size before relaxing)
 .debug_str     0x00001ce6      0x5b2 CMakeFiles/embedded-test.elf.dir/Drivers/STM32L4xx_HAL_Driver/Src/stm32l4xx_hal_rcc_ex.c.obj
                                0xae4 (size before relaxing)
 .debug_str     0x00002298      0xb4d CMakeFiles/embedded-test.elf.dir/Drivers/STM32L4xx_HAL_Driver/Src/stm32l4xx_hal_uart.c.obj
                                0xf64 (size before relaxing)
 .debug_str     0x00002de5       0x98 CMakeFiles/embedded-test.elf.dir/Src/main.c.obj
                                0xc95 (size before relaxing)
 .debug_str     0x00002e7d       0x38 CMakeFiles/embedded-test.elf.dir/Src/stm32l4xx_hal_msp.c.obj
                                0x7c2 (size before relaxing)
 .debug_str     0x00002eb5       0xc3 CMakeFiles/embedded-test.elf.dir/Src/stm32l4xx_it.c.obj
                                0x253 (size before relaxing)
 .debug_str     0x00002f78       0x58 CMakeFiles/embedded-test.elf.dir/Src/system_stm32l4xx.c.obj
                                0x403 (size before relaxing)
 .debug_str     0x00002fd0       0x4e CMakeFiles/embedded-test.elf.dir/Startup/startup_stm32l476rgtx.s.obj
                                 0x80 (size before relaxing)

.comment        0x00000000       0x4d
 .comment       0x00000000       0x4d CMakeFiles/embedded-test.elf.dir/Drivers/STM32L4xx_HAL_Driver/Src/stm32l4xx_hal.c.obj
                                 0x4e (size before relaxing)
 .comment       0x0000004d       0x4e CMakeFiles/embedded-test.elf.dir/Drivers/STM32L4xx_HAL_Driver/Src/stm32l4xx_hal_cortex.c.obj
 .comment       0x0000004d       0x4e CMakeFiles/embedded-test.elf.dir/Drivers/STM32L4xx_HAL_Driver/Src/stm32l4xx_hal_gpio.c.obj
 .comment       0x0000004d       0x4e CMakeFiles/embedded-test.elf.dir/Drivers/STM32L4xx_HAL_Driver/Src/stm32l4xx_hal_pwr_ex.c.obj
 .comment       0x0000004d       0x4e CMakeFiles/embedded-test.elf.dir/Drivers/STM32L4xx_HAL_Driver/Src/stm32l4xx_hal_rcc.c.obj
 .comment       0x0000004d       0x4e CMakeFiles/embedded-test.elf.dir/Drivers/STM32L4xx_HAL_Driver/Src/stm32l4xx_hal_rcc_ex.c.obj
 .comment       0x0000004d       0x4e CMakeFiles/embedded-test.elf.dir/Drivers/STM32L4xx_HAL_Driver/Src/stm32l4xx_hal_uart.c.obj
 .comment       0x0000004d       0x4e CMakeFiles/embedded-test.elf.dir/Src/main.c.obj
 .comment       0x0000004d       0x4e CMakeFiles/embedded-test.elf.dir/Src/stm32l4xx_hal_msp.c.obj
 .comment       0x0000004d       0x4e CMakeFiles/embedded-test.elf.dir/Src/stm32l4xx_it.c.obj
 .comment       0x0000004d       0x4e CMakeFiles/embedded-test.elf.dir/Src/system_stm32l4xx.c.obj

.debug_frame    0x00000000     0x1488
 .debug_frame   0x00000000      0x274 CMakeFiles/embedded-test.elf.dir/Drivers/STM32L4xx_HAL_Driver/Src/stm32l4xx_hal.c.obj
 .debug_frame   0x00000274      0x148 CMakeFiles/embedded-test.elf.dir/Drivers/STM32L4xx_HAL_Driver/Src/stm32l4xx_hal_cortex.c.obj
 .debug_frame   0x000003bc       0xd0 CMakeFiles/embedded-test.elf.dir/Drivers/STM32L4xx_HAL_Driver/Src/stm32l4xx_hal_gpio.c.obj
 .debug_frame   0x0000048c      0x298 CMakeFiles/embedded-test.elf.dir/Drivers/STM32L4xx_HAL_Driver/Src/stm32l4xx_hal_pwr_ex.c.obj
 .debug_frame   0x00000724      0x18c CMakeFiles/embedded-test.elf.dir/Drivers/STM32L4xx_HAL_Driver/Src/stm32l4xx_hal_rcc.c.obj
 .debug_frame   0x000008b0      0x204 CMakeFiles/embedded-test.elf.dir/Drivers/STM32L4xx_HAL_Driver/Src/stm32l4xx_hal_rcc_ex.c.obj
 .debug_frame   0x00000ab4      0x5c0 CMakeFiles/embedded-test.elf.dir/Drivers/STM32L4xx_HAL_Driver/Src/stm32l4xx_hal_uart.c.obj
 .debug_frame   0x00001074       0x90 CMakeFiles/embedded-test.elf.dir/Src/main.c.obj
 .debug_frame   0x00001104       0x60 CMakeFiles/embedded-test.elf.dir/Src/stm32l4xx_hal_msp.c.obj
 .debug_frame   0x00001164       0xa8 CMakeFiles/embedded-test.elf.dir/Src/stm32l4xx_it.c.obj
 .debug_frame   0x0000120c       0x30 CMakeFiles/embedded-test.elf.dir/Src/system_stm32l4xx.c.obj
 .debug_frame   0x0000123c       0x2c c:/progra~2/gnu arm embedded toolchain/10 2020-q4-major/bin/../lib/gcc/arm-none-eabi/10.2.1/thumb/v7e-m/nofp\libgcc.a(_aeabi_uldivmod.o)
 .debug_frame   0x00001268       0x34 c:/progra~2/gnu arm embedded toolchain/10 2020-q4-major/bin/../lib/gcc/arm-none-eabi/10.2.1/thumb/v7e-m/nofp\libgcc.a(_udivmoddi4.o)
 .debug_frame   0x0000129c       0x2c c:/progra~2/gnu arm embedded toolchain/10 2020-q4-major/bin/../lib/gcc/arm-none-eabi/10.2.1/../../../../arm-none-eabi/lib/thumb/v7e-m/nofp\libc.a(lib_a-init.o)
 .debug_frame   0x000012c8       0x2c c:/progra~2/gnu arm embedded toolchain/10 2020-q4-major/bin/../lib/gcc/arm-none-eabi/10.2.1/../../../../arm-none-eabi/lib/thumb/v7e-m/nofp\libc.a(lib_a-memset.o)
 .debug_frame   0x000012f4       0x5c c:/progra~2/gnu arm embedded toolchain/10 2020-q4-major/bin/../lib/gcc/arm-none-eabi/10.2.1/../../../../arm-none-eabi/lib/thumb/v7e-m/nofp\libc.a(lib_a-__call_atexit.o)
 .debug_frame   0x00001350       0x20 c:/progra~2/gnu arm embedded toolchain/10 2020-q4-major/bin/../lib/gcc/arm-none-eabi/10.2.1/../../../../arm-none-eabi/lib/thumb/v7e-m/nofp\libc.a(lib_a-atexit.o)
 .debug_frame   0x00001370       0x34 c:/progra~2/gnu arm embedded toolchain/10 2020-q4-major/bin/../lib/gcc/arm-none-eabi/10.2.1/../../../../arm-none-eabi/lib/thumb/v7e-m/nofp\libc.a(lib_a-fini.o)
 .debug_frame   0x000013a4       0xb0 c:/progra~2/gnu arm embedded toolchain/10 2020-q4-major/bin/../lib/gcc/arm-none-eabi/10.2.1/../../../../arm-none-eabi/lib/thumb/v7e-m/nofp\libc.a(lib_a-lock.o)
 .debug_frame   0x00001454       0x34 c:/progra~2/gnu arm embedded toolchain/10 2020-q4-major/bin/../lib/gcc/arm-none-eabi/10.2.1/../../../../arm-none-eabi/lib/thumb/v7e-m/nofp\libc.a(lib_a-__atexit.o)
