Archive member included to satisfy reference by file (symbol)

c:/progra~2/gnu arm embedded toolchain/10 2020-q4-major/bin/../lib/gcc/arm-none-eabi/10.2.1/thumb/v7e-m/nofp\libgcc.a(_aeabi_uldivmod.o)
                              CMakeFiles/CppVar1.elf.dir/Drivers/STM32L4xx_HAL_Driver/Src/stm32l4xx_hal_uart.c.obj (__aeabi_uldivmod)
c:/progra~2/gnu arm embedded toolchain/10 2020-q4-major/bin/../lib/gcc/arm-none-eabi/10.2.1/thumb/v7e-m/nofp\libgcc.a(_udivmoddi4.o)
                              c:/progra~2/gnu arm embedded toolchain/10 2020-q4-major/bin/../lib/gcc/arm-none-eabi/10.2.1/thumb/v7e-m/nofp\libgcc.a(_aeabi_uldivmod.o) (__udivmoddi4)
c:/progra~2/gnu arm embedded toolchain/10 2020-q4-major/bin/../lib/gcc/arm-none-eabi/10.2.1/thumb/v7e-m/nofp\libgcc.a(_dvmd_tls.o)
                              c:/progra~2/gnu arm embedded toolchain/10 2020-q4-major/bin/../lib/gcc/arm-none-eabi/10.2.1/thumb/v7e-m/nofp\libgcc.a(_aeabi_uldivmod.o) (__aeabi_ldiv0)
c:/progra~2/gnu arm embedded toolchain/10 2020-q4-major/bin/../lib/gcc/arm-none-eabi/10.2.1/../../../../arm-none-eabi/lib/thumb/v7e-m/nofp\libg.a(lib_a-errno.o)
                              CMakeFiles/CppVar1.elf.dir/Src/syscalls.c.obj (__errno)
c:/progra~2/gnu arm embedded toolchain/10 2020-q4-major/bin/../lib/gcc/arm-none-eabi/10.2.1/../../../../arm-none-eabi/lib/thumb/v7e-m/nofp\libg.a(lib_a-exit.o)
                              c:/progra~2/gnu arm embedded toolchain/10 2020-q4-major/bin/../lib/gcc/arm-none-eabi/10.2.1/../../../../arm-none-eabi/lib/thumb/v7e-m/nofp/crt0.o (exit)
c:/progra~2/gnu arm embedded toolchain/10 2020-q4-major/bin/../lib/gcc/arm-none-eabi/10.2.1/../../../../arm-none-eabi/lib/thumb/v7e-m/nofp\libg.a(lib_a-impure.o)
                              c:/progra~2/gnu arm embedded toolchain/10 2020-q4-major/bin/../lib/gcc/arm-none-eabi/10.2.1/../../../../arm-none-eabi/lib/thumb/v7e-m/nofp\libg.a(lib_a-exit.o) (_global_impure_ptr)
c:/progra~2/gnu arm embedded toolchain/10 2020-q4-major/bin/../lib/gcc/arm-none-eabi/10.2.1/../../../../arm-none-eabi/lib/thumb/v7e-m/nofp\libg.a(lib_a-init.o)
                              c:/progra~2/gnu arm embedded toolchain/10 2020-q4-major/bin/../lib/gcc/arm-none-eabi/10.2.1/../../../../arm-none-eabi/lib/thumb/v7e-m/nofp/crt0.o (__libc_init_array)
c:/progra~2/gnu arm embedded toolchain/10 2020-q4-major/bin/../lib/gcc/arm-none-eabi/10.2.1/../../../../arm-none-eabi/lib/thumb/v7e-m/nofp\libg.a(lib_a-memset.o)
                              c:/progra~2/gnu arm embedded toolchain/10 2020-q4-major/bin/../lib/gcc/arm-none-eabi/10.2.1/../../../../arm-none-eabi/lib/thumb/v7e-m/nofp/crt0.o (memset)
c:/progra~2/gnu arm embedded toolchain/10 2020-q4-major/bin/../lib/gcc/arm-none-eabi/10.2.1/../../../../arm-none-eabi/lib/thumb/v7e-m/nofp\libg.a(lib_a-__call_atexit.o)
                              c:/progra~2/gnu arm embedded toolchain/10 2020-q4-major/bin/../lib/gcc/arm-none-eabi/10.2.1/../../../../arm-none-eabi/lib/thumb/v7e-m/nofp\libg.a(lib_a-exit.o) (__call_exitprocs)
c:/progra~2/gnu arm embedded toolchain/10 2020-q4-major/bin/../lib/gcc/arm-none-eabi/10.2.1/../../../../arm-none-eabi/lib/thumb/v7e-m/nofp\libg.a(lib_a-atexit.o)
                              c:/progra~2/gnu arm embedded toolchain/10 2020-q4-major/bin/../lib/gcc/arm-none-eabi/10.2.1/../../../../arm-none-eabi/lib/thumb/v7e-m/nofp\libg.a(lib_a-__call_atexit.o) (atexit)
c:/progra~2/gnu arm embedded toolchain/10 2020-q4-major/bin/../lib/gcc/arm-none-eabi/10.2.1/../../../../arm-none-eabi/lib/thumb/v7e-m/nofp\libg.a(lib_a-fini.o)
                              c:/progra~2/gnu arm embedded toolchain/10 2020-q4-major/bin/../lib/gcc/arm-none-eabi/10.2.1/../../../../arm-none-eabi/lib/thumb/v7e-m/nofp\libg.a(lib_a-__call_atexit.o) (__libc_fini_array)
c:/progra~2/gnu arm embedded toolchain/10 2020-q4-major/bin/../lib/gcc/arm-none-eabi/10.2.1/../../../../arm-none-eabi/lib/thumb/v7e-m/nofp\libg.a(lib_a-lock.o)
                              c:/progra~2/gnu arm embedded toolchain/10 2020-q4-major/bin/../lib/gcc/arm-none-eabi/10.2.1/../../../../arm-none-eabi/lib/thumb/v7e-m/nofp\libg.a(lib_a-__call_atexit.o) (__retarget_lock_acquire_recursive)
c:/progra~2/gnu arm embedded toolchain/10 2020-q4-major/bin/../lib/gcc/arm-none-eabi/10.2.1/../../../../arm-none-eabi/lib/thumb/v7e-m/nofp\libg.a(lib_a-__atexit.o)
                              c:/progra~2/gnu arm embedded toolchain/10 2020-q4-major/bin/../lib/gcc/arm-none-eabi/10.2.1/../../../../arm-none-eabi/lib/thumb/v7e-m/nofp\libg.a(lib_a-atexit.o) (__register_exitproc)

Discarded input sections

 .text          0x00000000        0x0 c:/progra~2/gnu arm embedded toolchain/10 2020-q4-major/bin/../lib/gcc/arm-none-eabi/10.2.1/thumb/v7e-m/nofp/crti.o
 .data          0x00000000        0x0 c:/progra~2/gnu arm embedded toolchain/10 2020-q4-major/bin/../lib/gcc/arm-none-eabi/10.2.1/thumb/v7e-m/nofp/crti.o
[...]
Memory Configuration

Name             Origin             Length             Attributes
RAM              0x20000000         0x00018000         xrw
RAM2             0x10000000         0x00008000         xrw
FLASH            0x08000000         0x00100000         xr
*default*        0x00000000         0xffffffff

Linker script and memory map

LOAD c:/progra~2/gnu arm embedded toolchain/10 2020-q4-major/bin/../lib/gcc/arm-none-eabi/10.2.1/thumb/v7e-m/nofp/crti.o
LOAD c:/progra~2/gnu arm embedded toolchain/10 2020-q4-major/bin/../lib/gcc/arm-none-eabi/10.2.1/thumb/v7e-m/nofp/crtbegin.o
LOAD c:/progra~2/gnu arm embedded toolchain/10 2020-q4-major/bin/../lib/gcc/arm-none-eabi/10.2.1/../../../../arm-none-eabi/lib/thumb/v7e-m/nofp/crt0.o
LOAD CMakeFiles/CppVar1.elf.dir/Drivers/STM32L4xx_HAL_Driver/Src/stm32l4xx_hal.c.obj
LOAD CMakeFiles/CppVar1.elf.dir/Drivers/STM32L4xx_HAL_Driver/Src/stm32l4xx_hal_cortex.c.obj
LOAD CMakeFiles/CppVar1.elf.dir/Drivers/STM32L4xx_HAL_Driver/Src/stm32l4xx_hal_dma.c.obj
LOAD CMakeFiles/CppVar1.elf.dir/Drivers/STM32L4xx_HAL_Driver/Src/stm32l4xx_hal_dma_ex.c.obj
LOAD CMakeFiles/CppVar1.elf.dir/Drivers/STM32L4xx_HAL_Driver/Src/stm32l4xx_hal_exti.c.obj
LOAD CMakeFiles/CppVar1.elf.dir/Drivers/STM32L4xx_HAL_Driver/Src/stm32l4xx_hal_flash.c.obj
LOAD CMakeFiles/CppVar1.elf.dir/Drivers/STM32L4xx_HAL_Driver/Src/stm32l4xx_hal_flash_ex.c.obj
LOAD CMakeFiles/CppVar1.elf.dir/Drivers/STM32L4xx_HAL_Driver/Src/stm32l4xx_hal_flash_ramfunc.c.obj
LOAD CMakeFiles/CppVar1.elf.dir/Drivers/STM32L4xx_HAL_Driver/Src/stm32l4xx_hal_gpio.c.obj
LOAD CMakeFiles/CppVar1.elf.dir/Drivers/STM32L4xx_HAL_Driver/Src/stm32l4xx_hal_i2c.c.obj
LOAD CMakeFiles/CppVar1.elf.dir/Drivers/STM32L4xx_HAL_Driver/Src/stm32l4xx_hal_i2c_ex.c.obj
LOAD CMakeFiles/CppVar1.elf.dir/Drivers/STM32L4xx_HAL_Driver/Src/stm32l4xx_hal_pwr.c.obj
LOAD CMakeFiles/CppVar1.elf.dir/Drivers/STM32L4xx_HAL_Driver/Src/stm32l4xx_hal_pwr_ex.c.obj
LOAD CMakeFiles/CppVar1.elf.dir/Drivers/STM32L4xx_HAL_Driver/Src/stm32l4xx_hal_rcc.c.obj
LOAD CMakeFiles/CppVar1.elf.dir/Drivers/STM32L4xx_HAL_Driver/Src/stm32l4xx_hal_rcc_ex.c.obj
LOAD CMakeFiles/CppVar1.elf.dir/Drivers/STM32L4xx_HAL_Driver/Src/stm32l4xx_hal_tim.c.obj
LOAD CMakeFiles/CppVar1.elf.dir/Drivers/STM32L4xx_HAL_Driver/Src/stm32l4xx_hal_tim_ex.c.obj
LOAD CMakeFiles/CppVar1.elf.dir/Drivers/STM32L4xx_HAL_Driver/Src/stm32l4xx_hal_uart.c.obj
LOAD CMakeFiles/CppVar1.elf.dir/Drivers/STM32L4xx_HAL_Driver/Src/stm32l4xx_hal_uart_ex.c.obj
LOAD CMakeFiles/CppVar1.elf.dir/Src/main.c.obj
LOAD CMakeFiles/CppVar1.elf.dir/Src/stm32l4xx_hal_msp.c.obj
LOAD CMakeFiles/CppVar1.elf.dir/Src/stm32l4xx_it.c.obj
LOAD CMakeFiles/CppVar1.elf.dir/Src/syscalls.c.obj
LOAD CMakeFiles/CppVar1.elf.dir/Src/sysmem.c.obj
LOAD CMakeFiles/CppVar1.elf.dir/Src/system_stm32l4xx.c.obj
LOAD CMakeFiles/CppVar1.elf.dir/Startup/startup_stm32l476rgtx.s.obj
START GROUP
LOAD c:/progra~2/gnu arm embedded toolchain/10 2020-q4-major/bin/../lib/gcc/arm-none-eabi/10.2.1/thumb/v7e-m/nofp\libgcc.a
LOAD c:/progra~2/gnu arm embedded toolchain/10 2020-q4-major/bin/../lib/gcc/arm-none-eabi/10.2.1/../../../../arm-none-eabi/lib/thumb/v7e-m/nofp\libg.a
LOAD c:/progra~2/gnu arm embedded toolchain/10 2020-q4-major/bin/../lib/gcc/arm-none-eabi/10.2.1/../../../../arm-none-eabi/lib/thumb/v7e-m/nofp\libc.a
END GROUP
LOAD c:/progra~2/gnu arm embedded toolchain/10 2020-q4-major/bin/../lib/gcc/arm-none-eabi/10.2.1/thumb/v7e-m/nofp/crtend.o
LOAD c:/progra~2/gnu arm embedded toolchain/10 2020-q4-major/bin/../lib/gcc/arm-none-eabi/10.2.1/thumb/v7e-m/nofp/crtn.o
                0x20018000                _estack = (ORIGIN (RAM) + LENGTH (RAM))
                0x00000200                _Min_Heap_Size = 0x200
                0x00000400                _Min_Stack_Size = 0x400

.isr_vector     0x08000000      0x188
                0x08000000                . = ALIGN (0x4)
 *(.isr_vector)
 .isr_vector    0x08000000      0x188 CMakeFiles/CppVar1.elf.dir/Startup/startup_stm32l476rgtx.s.obj
                0x08000000                g_pfnVectors
                0x08000188                . = ALIGN (0x4)

.text           0x08000188     0x216c
                0x08000188                . = ALIGN (0x4)
 *(.text)
 .text          0x08000188       0x40 c:/progra~2/gnu arm embedded toolchain/10 2020-q4-major/bin/../lib/gcc/arm-none-eabi/10.2.1/thumb/v7e-m/nofp/crtbegin.o
 .text          0x080001c8       0x30 c:/progra~2/gnu arm embedded toolchain/10 2020-q4-major/bin/../lib/gcc/arm-none-eabi/10.2.1/thumb/v7e-m/nofp\libgcc.a(_aeabi_uldivmod.o)
                0x080001c8                __aeabi_uldivmod
 .text          0x080001f8      0x2d0 c:/progra~2/gnu arm embedded toolchain/10 2020-q4-major/bin/../lib/gcc/arm-none-eabi/10.2.1/thumb/v7e-m/nofp\libgcc.a(_udivmoddi4.o)
                0x080001f8                __udivmoddi4
 .text          0x080004c8        0x4 c:/progra~2/gnu arm embedded toolchain/10 2020-q4-major/bin/../lib/gcc/arm-none-eabi/10.2.1/thumb/v7e-m/nofp\libgcc.a(_dvmd_tls.o)
                0x080004c8                __aeabi_idiv0
                0x080004c8                __aeabi_ldiv0
 *(.text*)
 .text.HAL_InitTick
                0x080004cc       0x50 CMakeFiles/CppVar1.elf.dir/Drivers/STM32L4xx_HAL_Driver/Src/stm32l4xx_hal.c.obj
                0x080004cc                HAL_InitTick
 .text.HAL_Init
                0x0800051c       0x2c CMakeFiles/CppVar1.elf.dir/Drivers/STM32L4xx_HAL_Driver/Src/stm32l4xx_hal.c.obj
                0x0800051c                HAL_Init
 .text.HAL_IncTick
                0x08000548       0x18 CMakeFiles/CppVar1.elf.dir/Drivers/STM32L4xx_HAL_Driver/Src/stm32l4xx_hal.c.obj
                0x08000548                HAL_IncTick
 .text.HAL_GetTick
                0x08000560        0xc CMakeFiles/CppVar1.elf.dir/Drivers/STM32L4xx_HAL_Driver/Src/stm32l4xx_hal.c.obj
                0x08000560                HAL_GetTick
 .text.HAL_NVIC_SetPriorityGrouping
                0x0800056c       0x24 CMakeFiles/CppVar1.elf.dir/Drivers/STM32L4xx_HAL_Driver/Src/stm32l4xx_hal_cortex.c.obj
                0x0800056c                HAL_NVIC_SetPriorityGrouping
 .text.HAL_NVIC_SetPriority
                0x08000590       0x70 CMakeFiles/CppVar1.elf.dir/Drivers/STM32L4xx_HAL_Driver/Src/stm32l4xx_hal_cortex.c.obj
                0x08000590                HAL_NVIC_SetPriority
 .text.HAL_SYSTICK_Config
                0x08000600       0x28 CMakeFiles/CppVar1.elf.dir/Drivers/STM32L4xx_HAL_Driver/Src/stm32l4xx_hal_cortex.c.obj
                0x08000600                HAL_SYSTICK_Config
 .text.HAL_GPIO_Init
                0x08000628      0x1dc CMakeFiles/CppVar1.elf.dir/Drivers/STM32L4xx_HAL_Driver/Src/stm32l4xx_hal_gpio.c.obj
                0x08000628                HAL_GPIO_Init
 .text.HAL_GPIO_WritePin
                0x08000804        0xa CMakeFiles/CppVar1.elf.dir/Drivers/STM32L4xx_HAL_Driver/Src/stm32l4xx_hal_gpio.c.obj
                0x08000804                HAL_GPIO_WritePin
 *fill*         0x0800080e        0x2 
 .text.HAL_PWREx_GetVoltageRange
                0x08000810       0x10 CMakeFiles/CppVar1.elf.dir/Drivers/STM32L4xx_HAL_Driver/Src/stm32l4xx_hal_pwr_ex.c.obj
                0x08000810                HAL_PWREx_GetVoltageRange
 .text.HAL_PWREx_ControlVoltageScaling
                0x08000820       0x90 CMakeFiles/CppVar1.elf.dir/Drivers/STM32L4xx_HAL_Driver/Src/stm32l4xx_hal_pwr_ex.c.obj
                0x08000820                HAL_PWREx_ControlVoltageScaling
 .text.RCC_SetFlashLatencyFromMSIRange
                0x080008b0       0x90 CMakeFiles/CppVar1.elf.dir/Drivers/STM32L4xx_HAL_Driver/Src/stm32l4xx_hal_rcc.c.obj
 .text.HAL_RCC_GetSysClockFreq
                0x08000940       0xb4 CMakeFiles/CppVar1.elf.dir/Drivers/STM32L4xx_HAL_Driver/Src/stm32l4xx_hal_rcc.c.obj
                0x08000940                HAL_RCC_GetSysClockFreq
 .text.HAL_RCC_OscConfig
                0x080009f4      0x62c CMakeFiles/CppVar1.elf.dir/Drivers/STM32L4xx_HAL_Driver/Src/stm32l4xx_hal_rcc.c.obj
                0x080009f4                HAL_RCC_OscConfig
 .text.HAL_RCC_ClockConfig
                0x08001020      0x15c CMakeFiles/CppVar1.elf.dir/Drivers/STM32L4xx_HAL_Driver/Src/stm32l4xx_hal_rcc.c.obj
                0x08001020                HAL_RCC_ClockConfig
 .text.HAL_RCC_GetHCLKFreq
                0x0800117c        0xc CMakeFiles/CppVar1.elf.dir/Drivers/STM32L4xx_HAL_Driver/Src/stm32l4xx_hal_rcc.c.obj
                0x0800117c                HAL_RCC_GetHCLKFreq
 .text.HAL_RCC_GetPCLK1Freq
                0x08001188       0x24 CMakeFiles/CppVar1.elf.dir/Drivers/STM32L4xx_HAL_Driver/Src/stm32l4xx_hal_rcc.c.obj
                0x08001188                HAL_RCC_GetPCLK1Freq
 .text.HAL_RCC_GetPCLK2Freq
                0x080011ac       0x24 CMakeFiles/CppVar1.elf.dir/Drivers/STM32L4xx_HAL_Driver/Src/stm32l4xx_hal_rcc.c.obj
                0x080011ac                HAL_RCC_GetPCLK2Freq
 .text.RCCEx_PLLSAI1_Config
                0x080011d0      0x170 CMakeFiles/CppVar1.elf.dir/Drivers/STM32L4xx_HAL_Driver/Src/stm32l4xx_hal_rcc_ex.c.obj
 .text.RCCEx_PLLSAI2_Config
                0x08001340      0x14c CMakeFiles/CppVar1.elf.dir/Drivers/STM32L4xx_HAL_Driver/Src/stm32l4xx_hal_rcc_ex.c.obj
 .text.HAL_RCCEx_PeriphCLKConfig
                0x0800148c      0x454 CMakeFiles/CppVar1.elf.dir/Drivers/STM32L4xx_HAL_Driver/Src/stm32l4xx_hal_rcc_ex.c.obj
                0x0800148c                HAL_RCCEx_PeriphCLKConfig
 .text.UART_SetConfig
                0x080018e0      0x328 CMakeFiles/CppVar1.elf.dir/Drivers/STM32L4xx_HAL_Driver/Src/stm32l4xx_hal_uart.c.obj
                0x080018e0                UART_SetConfig
 .text.UART_AdvFeatureConfig
                0x08001c08       0xca CMakeFiles/CppVar1.elf.dir/Drivers/STM32L4xx_HAL_Driver/Src/stm32l4xx_hal_uart.c.obj
                0x08001c08                UART_AdvFeatureConfig
 .text.UART_WaitOnFlagUntilTimeout
                0x08001cd2       0xa6 CMakeFiles/CppVar1.elf.dir/Drivers/STM32L4xx_HAL_Driver/Src/stm32l4xx_hal_uart.c.obj
                0x08001cd2                UART_WaitOnFlagUntilTimeout
 .text.UART_CheckIdleState
                0x08001d78       0x6c CMakeFiles/CppVar1.elf.dir/Drivers/STM32L4xx_HAL_Driver/Src/stm32l4xx_hal_uart.c.obj
                0x08001d78                UART_CheckIdleState
 .text.HAL_UART_Init
                0x08001de4       0x62 CMakeFiles/CppVar1.elf.dir/Drivers/STM32L4xx_HAL_Driver/Src/stm32l4xx_hal_uart.c.obj
                0x08001de4                HAL_UART_Init
 *fill*         0x08001e46        0x2 
 .text.MX_GPIO_Init
                0x08001e48       0xa0 CMakeFiles/CppVar1.elf.dir/Src/main.c.obj
 .text.Error_Handler
                0x08001ee8        0x4 CMakeFiles/CppVar1.elf.dir/Src/main.c.obj
                0x08001ee8                Error_Handler
 .text.MX_USART2_UART_Init
                0x08001eec       0x38 CMakeFiles/CppVar1.elf.dir/Src/main.c.obj
 .text.SystemClock_Config
                0x08001f24       0x96 CMakeFiles/CppVar1.elf.dir/Src/main.c.obj
                0x08001f24                SystemClock_Config
 .text.main     0x08001fba       0x14 CMakeFiles/CppVar1.elf.dir/Src/main.c.obj
                0x08001fba                main
 *fill*         0x08001fce        0x2 
 .text.HAL_MspInit
                0x08001fd0       0x30 CMakeFiles/CppVar1.elf.dir/Src/stm32l4xx_hal_msp.c.obj
                0x08001fd0                HAL_MspInit
 .text.HAL_UART_MspInit
                0x08002000       0x68 CMakeFiles/CppVar1.elf.dir/Src/stm32l4xx_hal_msp.c.obj
                0x08002000                HAL_UART_MspInit
 .text.NMI_Handler
                0x08002068        0x2 CMakeFiles/CppVar1.elf.dir/Src/stm32l4xx_it.c.obj
                0x08002068                NMI_Handler
 .text.HardFault_Handler
                0x0800206a        0x2 CMakeFiles/CppVar1.elf.dir/Src/stm32l4xx_it.c.obj
                0x0800206a                HardFault_Handler
 .text.MemManage_Handler
                0x0800206c        0x2 CMakeFiles/CppVar1.elf.dir/Src/stm32l4xx_it.c.obj
                0x0800206c                MemManage_Handler
 .text.BusFault_Handler
                0x0800206e        0x2 CMakeFiles/CppVar1.elf.dir/Src/stm32l4xx_it.c.obj
                0x0800206e                BusFault_Handler
 .text.UsageFault_Handler
                0x08002070        0x2 CMakeFiles/CppVar1.elf.dir/Src/stm32l4xx_it.c.obj
                0x08002070                UsageFault_Handler
 .text.SVC_Handler
                0x08002072        0x2 CMakeFiles/CppVar1.elf.dir/Src/stm32l4xx_it.c.obj
                0x08002072                SVC_Handler
 .text.DebugMon_Handler
                0x08002074        0x2 CMakeFiles/CppVar1.elf.dir/Src/stm32l4xx_it.c.obj
                0x08002074                DebugMon_Handler
 .text.PendSV_Handler
                0x08002076        0x2 CMakeFiles/CppVar1.elf.dir/Src/stm32l4xx_it.c.obj
                0x08002076                PendSV_Handler
 .text.SysTick_Handler
                0x08002078        0x8 CMakeFiles/CppVar1.elf.dir/Src/stm32l4xx_it.c.obj
                0x08002078                SysTick_Handler
 .text.SystemInit
                0x08002080       0x3c CMakeFiles/CppVar1.elf.dir/Src/system_stm32l4xx.c.obj
                0x08002080                SystemInit
 .text.Reset_Handler
                0x080020bc       0x50 CMakeFiles/CppVar1.elf.dir/Startup/startup_stm32l476rgtx.s.obj
                0x080020bc                Reset_Handler
 .text.Default_Handler
                0x0800210c        0x2 CMakeFiles/CppVar1.elf.dir/Startup/startup_stm32l476rgtx.s.obj
                0x0800210c                RTC_Alarm_IRQHandler
                0x0800210c                EXTI2_IRQHandler
                0x0800210c                TIM8_TRG_COM_IRQHandler
                0x0800210c                TIM8_CC_IRQHandler
                0x0800210c                TIM1_CC_IRQHandler
                0x0800210c                TSC_IRQHandler
                0x0800210c                TAMP_STAMP_IRQHandler
                0x0800210c                EXTI3_IRQHandler
                0x0800210c                LPTIM2_IRQHandler
                0x0800210c                DFSDM1_FLT1_IRQHandler
                0x0800210c                I2C3_ER_IRQHandler
                0x0800210c                DFSDM1_FLT2_IRQHandler
                0x0800210c                EXTI0_IRQHandler
                0x0800210c                I2C2_EV_IRQHandler
                0x0800210c                CAN1_RX0_IRQHandler
                0x0800210c                FPU_IRQHandler
                0x0800210c                TIM1_UP_TIM16_IRQHandler
                0x0800210c                ADC1_2_IRQHandler
                0x0800210c                SPI1_IRQHandler
                0x0800210c                TIM6_DAC_IRQHandler
                0x0800210c                TIM8_UP_IRQHandler
                0x0800210c                DMA2_Channel2_IRQHandler
                0x0800210c                DMA1_Channel4_IRQHandler
                0x0800210c                SAI2_IRQHandler
                0x0800210c                DFSDM1_FLT3_IRQHandler
                0x0800210c                USART3_IRQHandler
                0x0800210c                DMA1_Channel7_IRQHandler
                0x0800210c                CAN1_RX1_IRQHandler
                0x0800210c                LCD_IRQHandler
                0x0800210c                UART5_IRQHandler
                0x0800210c                ADC3_IRQHandler
                0x0800210c                TIM4_IRQHandler
                0x0800210c                DMA2_Channel1_IRQHandler
                0x0800210c                QUADSPI_IRQHandler
                0x0800210c                I2C1_EV_IRQHandler
                0x0800210c                DMA1_Channel6_IRQHandler
                0x0800210c                UART4_IRQHandler
                0x0800210c                DMA2_Channel4_IRQHandler
                0x0800210c                TIM3_IRQHandler
                0x0800210c                RCC_IRQHandler
                0x0800210c                DMA1_Channel1_IRQHandler
                0x0800210c                Default_Handler
                0x0800210c                DMA2_Channel7_IRQHandler
                0x0800210c                EXTI15_10_IRQHandler
                0x0800210c                TIM7_IRQHandler
                0x0800210c                SDMMC1_IRQHandler
                0x0800210c                TIM5_IRQHandler
                0x0800210c                I2C3_EV_IRQHandler
                0x0800210c                EXTI9_5_IRQHandler
                0x0800210c                RTC_WKUP_IRQHandler
                0x0800210c                PVD_PVM_IRQHandler
                0x0800210c                SPI2_IRQHandler
                0x0800210c                CAN1_TX_IRQHandler
                0x0800210c                DMA2_Channel5_IRQHandler
                0x0800210c                DMA1_Channel5_IRQHandler
                0x0800210c                EXTI4_IRQHandler
                0x0800210c                RNG_IRQHandler
                0x0800210c                TIM1_TRG_COM_TIM17_IRQHandler
                0x0800210c                DMA1_Channel3_IRQHandler
                0x0800210c                COMP_IRQHandler
                0x0800210c                WWDG_IRQHandler
                0x0800210c                LPUART1_IRQHandler
                0x0800210c                DMA2_Channel6_IRQHandler
                0x0800210c                TIM2_IRQHandler
                0x0800210c                EXTI1_IRQHandler
                0x0800210c                USART2_IRQHandler
                0x0800210c                DFSDM1_FLT0_IRQHandler
                0x0800210c                I2C2_ER_IRQHandler
                0x0800210c                DMA1_Channel2_IRQHandler
                0x0800210c                TIM8_BRK_IRQHandler
                0x0800210c                CAN1_SCE_IRQHandler
                0x0800210c                FLASH_IRQHandler
                0x0800210c                USART1_IRQHandler
                0x0800210c                OTG_FS_IRQHandler
                0x0800210c                SPI3_IRQHandler
                0x0800210c                I2C1_ER_IRQHandler
                0x0800210c                FMC_IRQHandler
                0x0800210c                SWPMI1_IRQHandler
                0x0800210c                LPTIM1_IRQHandler
                0x0800210c                SAI1_IRQHandler
                0x0800210c                DMA2_Channel3_IRQHandler
                0x0800210c                TIM1_BRK_TIM15_IRQHandler
 *fill*         0x0800210e        0x2 
 .text.__libc_init_array
                0x08002110       0x48 c:/progra~2/gnu arm embedded toolchain/10 2020-q4-major/bin/../lib/gcc/arm-none-eabi/10.2.1/../../../../arm-none-eabi/lib/thumb/v7e-m/nofp\libg.a(lib_a-init.o)
                0x08002110                __libc_init_array
 .text.memset   0x08002158       0xa4 c:/progra~2/gnu arm embedded toolchain/10 2020-q4-major/bin/../lib/gcc/arm-none-eabi/10.2.1/../../../../arm-none-eabi/lib/thumb/v7e-m/nofp\libg.a(lib_a-memset.o)
                0x08002158                memset
 .text.startup.register_fini
                0x080021fc       0x14 c:/progra~2/gnu arm embedded toolchain/10 2020-q4-major/bin/../lib/gcc/arm-none-eabi/10.2.1/../../../../arm-none-eabi/lib/thumb/v7e-m/nofp\libg.a(lib_a-__call_atexit.o)
 .text.atexit   0x08002210        0xc c:/progra~2/gnu arm embedded toolchain/10 2020-q4-major/bin/../lib/gcc/arm-none-eabi/10.2.1/../../../../arm-none-eabi/lib/thumb/v7e-m/nofp\libg.a(lib_a-atexit.o)
                0x08002210                atexit
 .text.__libc_fini_array
                0x0800221c       0x2c c:/progra~2/gnu arm embedded toolchain/10 2020-q4-major/bin/../lib/gcc/arm-none-eabi/10.2.1/../../../../arm-none-eabi/lib/thumb/v7e-m/nofp\libg.a(lib_a-fini.o)
                0x0800221c                __libc_fini_array
 .text.__retarget_lock_acquire_recursive
                0x08002248        0x4 c:/progra~2/gnu arm embedded toolchain/10 2020-q4-major/bin/../lib/gcc/arm-none-eabi/10.2.1/../../../../arm-none-eabi/lib/thumb/v7e-m/nofp\libg.a(lib_a-lock.o)
                0x08002248                __retarget_lock_acquire_recursive
 .text.__retarget_lock_release_recursive
                0x0800224c        0x4 c:/progra~2/gnu arm embedded toolchain/10 2020-q4-major/bin/../lib/gcc/arm-none-eabi/10.2.1/../../../../arm-none-eabi/lib/thumb/v7e-m/nofp\libg.a(lib_a-lock.o)
                0x0800224c                __retarget_lock_release_recursive
 .text.__register_exitproc
                0x08002250       0x8c c:/progra~2/gnu arm embedded toolchain/10 2020-q4-major/bin/../lib/gcc/arm-none-eabi/10.2.1/../../../../arm-none-eabi/lib/thumb/v7e-m/nofp\libg.a(lib_a-__atexit.o)
                0x08002250                __register_exitproc
 *(.glue_7)
 .glue_7        0x080022dc        0x0 linker stubs
 *(.glue_7t)
 .glue_7t       0x080022dc        0x0 linker stubs
 *(.eh_frame)
 .eh_frame      0x080022dc        0x0 c:/progra~2/gnu arm embedded toolchain/10 2020-q4-major/bin/../lib/gcc/arm-none-eabi/10.2.1/thumb/v7e-m/nofp/crtbegin.o
 *(.init)
 .init          0x080022dc        0x4 c:/progra~2/gnu arm embedded toolchain/10 2020-q4-major/bin/../lib/gcc/arm-none-eabi/10.2.1/thumb/v7e-m/nofp/crti.o
                0x080022dc                _init
 .init          0x080022e0        0x8 c:/progra~2/gnu arm embedded toolchain/10 2020-q4-major/bin/../lib/gcc/arm-none-eabi/10.2.1/thumb/v7e-m/nofp/crtn.o
 *(.fini)
 .fini          0x080022e8        0x4 c:/progra~2/gnu arm embedded toolchain/10 2020-q4-major/bin/../lib/gcc/arm-none-eabi/10.2.1/thumb/v7e-m/nofp/crti.o
                0x080022e8                _fini
 .fini          0x080022ec        0x8 c:/progra~2/gnu arm embedded toolchain/10 2020-q4-major/bin/../lib/gcc/arm-none-eabi/10.2.1/thumb/v7e-m/nofp/crtn.o
                0x080022f4                . = ALIGN (0x4)
                0x080022f4                _etext = .

.vfp11_veneer   0x080022f4        0x0
 .vfp11_veneer  0x080022f4        0x0 linker stubs

.v4_bx          0x080022f4        0x0
 .v4_bx         0x080022f4        0x0 linker stubs

.iplt           0x080022f4        0x0
 .iplt          0x080022f4        0x0 c:/progra~2/gnu arm embedded toolchain/10 2020-q4-major/bin/../lib/gcc/arm-none-eabi/10.2.1/thumb/v7e-m/nofp/crtbegin.o

.rodata         0x080022f4       0x4c
                0x080022f4                . = ALIGN (0x4)
 *(.rodata)
 *(.rodata*)
 .rodata.AHBPrescTable
                0x080022f4       0x10 CMakeFiles/CppVar1.elf.dir/Src/system_stm32l4xx.c.obj
                0x080022f4                AHBPrescTable
 .rodata.APBPrescTable
                0x08002304        0x8 CMakeFiles/CppVar1.elf.dir/Src/system_stm32l4xx.c.obj
                0x08002304                APBPrescTable
 .rodata.MSIRangeTable
                0x0800230c       0x30 CMakeFiles/CppVar1.elf.dir/Src/system_stm32l4xx.c.obj
                0x0800230c                MSIRangeTable
 .rodata._global_impure_ptr
                0x0800233c        0x4 c:/progra~2/gnu arm embedded toolchain/10 2020-q4-major/bin/../lib/gcc/arm-none-eabi/10.2.1/../../../../arm-none-eabi/lib/thumb/v7e-m/nofp\libg.a(lib_a-impure.o)
                0x0800233c                _global_impure_ptr
                0x08002340                . = ALIGN (0x4)

.ARM.extab      0x08002340        0x0
                0x08002340                . = ALIGN (0x4)
 *(.ARM.extab* .gnu.linkonce.armextab.*)
                0x08002340                . = ALIGN (0x4)

.ARM            0x08002340        0x8
                0x08002340                . = ALIGN (0x4)
                0x08002340                __exidx_start = .
 *(.ARM.exidx*)
 .ARM.exidx     0x08002340        0x8 c:/progra~2/gnu arm embedded toolchain/10 2020-q4-major/bin/../lib/gcc/arm-none-eabi/10.2.1/thumb/v7e-m/nofp\libgcc.a(_udivmoddi4.o)
                0x08002348                __exidx_end = .
                0x08002348                . = ALIGN (0x4)

.rel.dyn        0x08002348        0x0
 .rel.iplt      0x08002348        0x0 c:/progra~2/gnu arm embedded toolchain/10 2020-q4-major/bin/../lib/gcc/arm-none-eabi/10.2.1/thumb/v7e-m/nofp/crtbegin.o

.preinit_array  0x08002348        0x0
                0x08002348                . = ALIGN (0x4)
                0x08002348                PROVIDE (__preinit_array_start = .)
 *(.preinit_array*)
                0x08002348                PROVIDE (__preinit_array_end = .)
                0x08002348                . = ALIGN (0x4)

.init_array     0x08002348        0x8
                0x08002348                . = ALIGN (0x4)
                0x08002348                PROVIDE (__init_array_start = .)
 *(SORT_BY_NAME(.init_array.*))
 .init_array.00000
                0x08002348        0x4 c:/progra~2/gnu arm embedded toolchain/10 2020-q4-major/bin/../lib/gcc/arm-none-eabi/10.2.1/../../../../arm-none-eabi/lib/thumb/v7e-m/nofp\libg.a(lib_a-__call_atexit.o)
 *(.init_array*)
 .init_array    0x0800234c        0x4 c:/progra~2/gnu arm embedded toolchain/10 2020-q4-major/bin/../lib/gcc/arm-none-eabi/10.2.1/thumb/v7e-m/nofp/crtbegin.o
                0x08002350                PROVIDE (__init_array_end = .)
                0x08002350                . = ALIGN (0x4)

.fini_array     0x08002350        0x4
                0x08002350                . = ALIGN (0x4)
                0x08002350                PROVIDE (__fini_array_start = .)
 *(SORT_BY_NAME(.fini_array.*))
 *(.fini_array*)
 .fini_array    0x08002350        0x4 c:/progra~2/gnu arm embedded toolchain/10 2020-q4-major/bin/../lib/gcc/arm-none-eabi/10.2.1/thumb/v7e-m/nofp/crtbegin.o
                0x08002354                PROVIDE (__fini_array_end = .)
                0x08002354                . = ALIGN (0x4)
                0x08002354                _sidata = LOADADDR (.data)

.data           0x20000000      0x43c load address 0x08002354
                0x20000000                . = ALIGN (0x4)
                0x20000000                _sdata = .
 *(.data)
 *(.data*)
 .data.uwTickFreq
                0x20000000        0x1 CMakeFiles/CppVar1.elf.dir/Drivers/STM32L4xx_HAL_Driver/Src/stm32l4xx_hal.c.obj
                0x20000000                uwTickFreq
 *fill*         0x20000001        0x3 
 .data.uwTickPrio
                0x20000004        0x4 CMakeFiles/CppVar1.elf.dir/Drivers/STM32L4xx_HAL_Driver/Src/stm32l4xx_hal.c.obj
                0x20000004                uwTickPrio
 .data.SystemCoreClock
                0x20000008        0x4 CMakeFiles/CppVar1.elf.dir/Src/system_stm32l4xx.c.obj
                0x20000008                SystemCoreClock
 *fill*         0x2000000c        0x4 
 .data.impure_data
                0x20000010      0x428 c:/progra~2/gnu arm embedded toolchain/10 2020-q4-major/bin/../lib/gcc/arm-none-eabi/10.2.1/../../../../arm-none-eabi/lib/thumb/v7e-m/nofp\libg.a(lib_a-impure.o)
 .data.__atexit_recursive_mutex
                0x20000438        0x4 c:/progra~2/gnu arm embedded toolchain/10 2020-q4-major/bin/../lib/gcc/arm-none-eabi/10.2.1/../../../../arm-none-eabi/lib/thumb/v7e-m/nofp\libg.a(lib_a-__call_atexit.o)
                0x20000438                __atexit_recursive_mutex
                0x2000043c                . = ALIGN (0x4)
                0x2000043c                _edata = .

.igot.plt       0x2000043c        0x0 load address 0x08002790
 .igot.plt      0x2000043c        0x0 c:/progra~2/gnu arm embedded toolchain/10 2020-q4-major/bin/../lib/gcc/arm-none-eabi/10.2.1/thumb/v7e-m/nofp/crtbegin.o
                0x2000043c                . = ALIGN (0x4)

.bss            0x2000043c       0xa4 load address 0x08002790
                0x2000043c                _sbss = .
                0x2000043c                __bss_start__ = _sbss
 *(.bss)
 .bss           0x2000043c       0x1c c:/progra~2/gnu arm embedded toolchain/10 2020-q4-major/bin/../lib/gcc/arm-none-eabi/10.2.1/thumb/v7e-m/nofp/crtbegin.o
 *(.bss*)
 .bss.uwTick    0x20000458        0x4 CMakeFiles/CppVar1.elf.dir/Drivers/STM32L4xx_HAL_Driver/Src/stm32l4xx_hal.c.obj
                0x20000458                uwTick
 .bss.huart2    0x2000045c       0x80 CMakeFiles/CppVar1.elf.dir/Src/main.c.obj
                0x2000045c                huart2
 .bss.__lock___atexit_recursive_mutex
                0x200004dc        0x1 c:/progra~2/gnu arm embedded toolchain/10 2020-q4-major/bin/../lib/gcc/arm-none-eabi/10.2.1/../../../../arm-none-eabi/lib/thumb/v7e-m/nofp\libg.a(lib_a-lock.o)
                0x200004dc                __lock___atexit_recursive_mutex
 *(COMMON)
                0x200004e0                . = ALIGN (0x4)
 *fill*         0x200004dd        0x3 
                0x200004e0                _ebss = .
                0x200004e0                __bss_end__ = _ebss

._user_heap_stack
                0x200004e0      0x600 load address 0x08002790
                0x200004e0                . = ALIGN (0x8)
                [!provide]                PROVIDE (end = .)
                0x200004e0                PROVIDE (_end = .)
                0x200006e0                . = (. + _Min_Heap_Size)
 *fill*         0x200004e0      0x200 
                0x20000ae0                . = (. + _Min_Stack_Size)
 *fill*         0x200006e0      0x400 
                0x20000ae0                . = ALIGN (0x8)

/DISCARD/
 libc.a(*)
 libm.a(*)
 libgcc.a(*)

.ARM.attributes
                0x00000000       0x2a
 *(.ARM.attributes)
 .ARM.attributes
                0x00000000       0x1e c:/progra~2/gnu arm embedded toolchain/10 2020-q4-major/bin/../lib/gcc/arm-none-eabi/10.2.1/thumb/v7e-m/nofp/crti.o
 .ARM.attributes
                0x0000001e       0x2e c:/progra~2/gnu arm embedded toolchain/10 2020-q4-major/bin/../lib/gcc/arm-none-eabi/10.2.1/thumb/v7e-m/nofp/crtbegin.o
 .ARM.attributes
                0x0000004c       0x2e CMakeFiles/CppVar1.elf.dir/Drivers/STM32L4xx_HAL_Driver/Src/stm32l4xx_hal.c.obj
 .ARM.attributes
                0x0000007a       0x2e CMakeFiles/CppVar1.elf.dir/Drivers/STM32L4xx_HAL_Driver/Src/stm32l4xx_hal_cortex.c.obj
 .ARM.attributes
                0x000000a8       0x2e CMakeFiles/CppVar1.elf.dir/Drivers/STM32L4xx_HAL_Driver/Src/stm32l4xx_hal_gpio.c.obj
 .ARM.attributes
                0x000000d6       0x2e CMakeFiles/CppVar1.elf.dir/Drivers/STM32L4xx_HAL_Driver/Src/stm32l4xx_hal_pwr_ex.c.obj
 .ARM.attributes
                0x00000104       0x2e CMakeFiles/CppVar1.elf.dir/Drivers/STM32L4xx_HAL_Driver/Src/stm32l4xx_hal_rcc.c.obj
 .ARM.attributes
                0x00000132       0x2e CMakeFiles/CppVar1.elf.dir/Drivers/STM32L4xx_HAL_Driver/Src/stm32l4xx_hal_rcc_ex.c.obj
 .ARM.attributes
                0x00000160       0x2e CMakeFiles/CppVar1.elf.dir/Drivers/STM32L4xx_HAL_Driver/Src/stm32l4xx_hal_uart.c.obj
 .ARM.attributes
                0x0000018e       0x2e CMakeFiles/CppVar1.elf.dir/Src/main.c.obj
 .ARM.attributes
                0x000001bc       0x2e CMakeFiles/CppVar1.elf.dir/Src/stm32l4xx_hal_msp.c.obj
 .ARM.attributes
                0x000001ea       0x2e CMakeFiles/CppVar1.elf.dir/Src/stm32l4xx_it.c.obj
 .ARM.attributes
                0x00000218       0x2e CMakeFiles/CppVar1.elf.dir/Src/system_stm32l4xx.c.obj
 .ARM.attributes
                0x00000246       0x21 CMakeFiles/CppVar1.elf.dir/Startup/startup_stm32l476rgtx.s.obj
 .ARM.attributes
                0x00000267       0x1e c:/progra~2/gnu arm embedded toolchain/10 2020-q4-major/bin/../lib/gcc/arm-none-eabi/10.2.1/thumb/v7e-m/nofp\libgcc.a(_aeabi_uldivmod.o)
 .ARM.attributes
                0x00000285       0x2e c:/progra~2/gnu arm embedded toolchain/10 2020-q4-major/bin/../lib/gcc/arm-none-eabi/10.2.1/thumb/v7e-m/nofp\libgcc.a(_udivmoddi4.o)
 .ARM.attributes
                0x000002b3       0x1e c:/progra~2/gnu arm embedded toolchain/10 2020-q4-major/bin/../lib/gcc/arm-none-eabi/10.2.1/thumb/v7e-m/nofp\libgcc.a(_dvmd_tls.o)
 .ARM.attributes
                0x000002d1       0x2e c:/progra~2/gnu arm embedded toolchain/10 2020-q4-major/bin/../lib/gcc/arm-none-eabi/10.2.1/../../../../arm-none-eabi/lib/thumb/v7e-m/nofp\libg.a(lib_a-impure.o)
 .ARM.attributes
                0x000002ff       0x2e c:/progra~2/gnu arm embedded toolchain/10 2020-q4-major/bin/../lib/gcc/arm-none-eabi/10.2.1/../../../../arm-none-eabi/lib/thumb/v7e-m/nofp\libg.a(lib_a-init.o)
 .ARM.attributes
                0x0000032d       0x2e c:/progra~2/gnu arm embedded toolchain/10 2020-q4-major/bin/../lib/gcc/arm-none-eabi/10.2.1/../../../../arm-none-eabi/lib/thumb/v7e-m/nofp\libg.a(lib_a-memset.o)
 .ARM.attributes
                0x0000035b       0x2e c:/progra~2/gnu arm embedded toolchain/10 2020-q4-major/bin/../lib/gcc/arm-none-eabi/10.2.1/../../../../arm-none-eabi/lib/thumb/v7e-m/nofp\libg.a(lib_a-__call_atexit.o)
 .ARM.attributes
                0x00000389       0x2e c:/progra~2/gnu arm embedded toolchain/10 2020-q4-major/bin/../lib/gcc/arm-none-eabi/10.2.1/../../../../arm-none-eabi/lib/thumb/v7e-m/nofp\libg.a(lib_a-atexit.o)
 .ARM.attributes
                0x000003b7       0x2e c:/progra~2/gnu arm embedded toolchain/10 2020-q4-major/bin/../lib/gcc/arm-none-eabi/10.2.1/../../../../arm-none-eabi/lib/thumb/v7e-m/nofp\libg.a(lib_a-fini.o)
 .ARM.attributes
                0x000003e5       0x2e c:/progra~2/gnu arm embedded toolchain/10 2020-q4-major/bin/../lib/gcc/arm-none-eabi/10.2.1/../../../../arm-none-eabi/lib/thumb/v7e-m/nofp\libg.a(lib_a-lock.o)
 .ARM.attributes
                0x00000413       0x2e c:/progra~2/gnu arm embedded toolchain/10 2020-q4-major/bin/../lib/gcc/arm-none-eabi/10.2.1/../../../../arm-none-eabi/lib/thumb/v7e-m/nofp\libg.a(lib_a-__atexit.o)
 .ARM.attributes
                0x00000441       0x1e c:/progra~2/gnu arm embedded toolchain/10 2020-q4-major/bin/../lib/gcc/arm-none-eabi/10.2.1/thumb/v7e-m/nofp/crtn.o
OUTPUT(CppVar1.elf elf32-littlearm)
LOAD linker stubs
LOAD c:/progra~2/gnu arm embedded toolchain/10 2020-q4-major/bin/../lib/gcc/arm-none-eabi/10.2.1/../../../../arm-none-eabi/lib/thumb/v7e-m/nofp\libc.a
LOAD c:/progra~2/gnu arm embedded toolchain/10 2020-q4-major/bin/../lib/gcc/arm-none-eabi/10.2.1/../../../../arm-none-eabi/lib/thumb/v7e-m/nofp\libm.a
LOAD c:/progra~2/gnu arm embedded toolchain/10 2020-q4-major/bin/../lib/gcc/arm-none-eabi/10.2.1/thumb/v7e-m/nofp\libgcc.a

.debug_info     0x00000000     0x93c1
 .debug_info    0x00000000      0xce8 CMakeFiles/CppVar1.elf.dir/Drivers/STM32L4xx_HAL_Driver/Src/stm32l4xx_hal.c.obj
 .debug_info    0x00000ce8     0x109e CMakeFiles/CppVar1.elf.dir/Drivers/STM32L4xx_HAL_Driver/Src/stm32l4xx_hal_cortex.c.obj
 .debug_info    0x00001d86      0x858 CMakeFiles/CppVar1.elf.dir/Drivers/STM32L4xx_HAL_Driver/Src/stm32l4xx_hal_gpio.c.obj
 .debug_info    0x000025de      0xa7c CMakeFiles/CppVar1.elf.dir/Drivers/STM32L4xx_HAL_Driver/Src/stm32l4xx_hal_pwr_ex.c.obj
 .debug_info    0x0000305a      0xf0e CMakeFiles/CppVar1.elf.dir/Drivers/STM32L4xx_HAL_Driver/Src/stm32l4xx_hal_rcc.c.obj
 .debug_info    0x00003f68     0x125c CMakeFiles/CppVar1.elf.dir/Drivers/STM32L4xx_HAL_Driver/Src/stm32l4xx_hal_rcc_ex.c.obj
 .debug_info    0x000051c4     0x1f76 CMakeFiles/CppVar1.elf.dir/Drivers/STM32L4xx_HAL_Driver/Src/stm32l4xx_hal_uart.c.obj
 .debug_info    0x0000713a     0x1071 CMakeFiles/CppVar1.elf.dir/Src/main.c.obj
 .debug_info    0x000081ab      0xac2 CMakeFiles/CppVar1.elf.dir/Src/stm32l4xx_hal_msp.c.obj
 .debug_info    0x00008c6d      0x130 CMakeFiles/CppVar1.elf.dir/Src/stm32l4xx_it.c.obj
 .debug_info    0x00008d9d      0x602 CMakeFiles/CppVar1.elf.dir/Src/system_stm32l4xx.c.obj
 .debug_info    0x0000939f       0x22 CMakeFiles/CppVar1.elf.dir/Startup/startup_stm32l476rgtx.s.obj

.debug_abbrev   0x00000000     0x1604
 .debug_abbrev  0x00000000      0x22a CMakeFiles/CppVar1.elf.dir/Drivers/STM32L4xx_HAL_Driver/Src/stm32l4xx_hal.c.obj
 .debug_abbrev  0x0000022a      0x36a CMakeFiles/CppVar1.elf.dir/Drivers/STM32L4xx_HAL_Driver/Src/stm32l4xx_hal_cortex.c.obj
 .debug_abbrev  0x00000594      0x1e6 CMakeFiles/CppVar1.elf.dir/Drivers/STM32L4xx_HAL_Driver/Src/stm32l4xx_hal_gpio.c.obj
 .debug_abbrev  0x0000077a      0x215 CMakeFiles/CppVar1.elf.dir/Drivers/STM32L4xx_HAL_Driver/Src/stm32l4xx_hal_pwr_ex.c.obj
 .debug_abbrev  0x0000098f      0x251 CMakeFiles/CppVar1.elf.dir/Drivers/STM32L4xx_HAL_Driver/Src/stm32l4xx_hal_rcc.c.obj
 .debug_abbrev  0x00000be0      0x275 CMakeFiles/CppVar1.elf.dir/Drivers/STM32L4xx_HAL_Driver/Src/stm32l4xx_hal_rcc_ex.c.obj
 .debug_abbrev  0x00000e55      0x245 CMakeFiles/CppVar1.elf.dir/Drivers/STM32L4xx_HAL_Driver/Src/stm32l4xx_hal_uart.c.obj
 .debug_abbrev  0x0000109a      0x20d CMakeFiles/CppVar1.elf.dir/Src/main.c.obj
 .debug_abbrev  0x000012a7      0x18f CMakeFiles/CppVar1.elf.dir/Src/stm32l4xx_hal_msp.c.obj
 .debug_abbrev  0x00001436       0x7e CMakeFiles/CppVar1.elf.dir/Src/stm32l4xx_it.c.obj
 .debug_abbrev  0x000014b4      0x13e CMakeFiles/CppVar1.elf.dir/Src/system_stm32l4xx.c.obj
 .debug_abbrev  0x000015f2       0x12 CMakeFiles/CppVar1.elf.dir/Startup/startup_stm32l476rgtx.s.obj

.debug_loc      0x00000000     0x59bd
 .debug_loc     0x00000000      0x1ef CMakeFiles/CppVar1.elf.dir/Drivers/STM32L4xx_HAL_Driver/Src/stm32l4xx_hal.c.obj
 .debug_loc     0x000001ef      0x744 CMakeFiles/CppVar1.elf.dir/Drivers/STM32L4xx_HAL_Driver/Src/stm32l4xx_hal_cortex.c.obj
 .debug_loc     0x00000933      0x3ce CMakeFiles/CppVar1.elf.dir/Drivers/STM32L4xx_HAL_Driver/Src/stm32l4xx_hal_gpio.c.obj
 .debug_loc     0x00000d01      0xb06 CMakeFiles/CppVar1.elf.dir/Drivers/STM32L4xx_HAL_Driver/Src/stm32l4xx_hal_pwr_ex.c.obj
 .debug_loc     0x00001807      0x80d CMakeFiles/CppVar1.elf.dir/Drivers/STM32L4xx_HAL_Driver/Src/stm32l4xx_hal_rcc.c.obj
 .debug_loc     0x00002014     0x1af9 CMakeFiles/CppVar1.elf.dir/Drivers/STM32L4xx_HAL_Driver/Src/stm32l4xx_hal_rcc_ex.c.obj
 .debug_loc     0x00003b0d     0x1c41 CMakeFiles/CppVar1.elf.dir/Drivers/STM32L4xx_HAL_Driver/Src/stm32l4xx_hal_uart.c.obj
 .debug_loc     0x0000574e       0x84 CMakeFiles/CppVar1.elf.dir/Src/stm32l4xx_hal_msp.c.obj
 .debug_loc     0x000057d2      0x1eb CMakeFiles/CppVar1.elf.dir/Src/system_stm32l4xx.c.obj

.debug_aranges  0x00000000      0x7f8
 .debug_aranges
                0x00000000      0x130 CMakeFiles/CppVar1.elf.dir/Drivers/STM32L4xx_HAL_Driver/Src/stm32l4xx_hal.c.obj
 .debug_aranges
                0x00000130       0xa8 CMakeFiles/CppVar1.elf.dir/Drivers/STM32L4xx_HAL_Driver/Src/stm32l4xx_hal_cortex.c.obj
 .debug_aranges
                0x000001d8       0x58 CMakeFiles/CppVar1.elf.dir/Drivers/STM32L4xx_HAL_Driver/Src/stm32l4xx_hal_gpio.c.obj
 .debug_aranges
                0x00000230      0x150 CMakeFiles/CppVar1.elf.dir/Drivers/STM32L4xx_HAL_Driver/Src/stm32l4xx_hal_pwr_ex.c.obj
 .debug_aranges
                0x00000380       0x88 CMakeFiles/CppVar1.elf.dir/Drivers/STM32L4xx_HAL_Driver/Src/stm32l4xx_hal_rcc.c.obj
 .debug_aranges
                0x00000408       0xc0 CMakeFiles/CppVar1.elf.dir/Drivers/STM32L4xx_HAL_Driver/Src/stm32l4xx_hal_rcc_ex.c.obj
 .debug_aranges
                0x000004c8      0x210 CMakeFiles/CppVar1.elf.dir/Drivers/STM32L4xx_HAL_Driver/Src/stm32l4xx_hal_uart.c.obj
 .debug_aranges
                0x000006d8       0x40 CMakeFiles/CppVar1.elf.dir/Src/main.c.obj
 .debug_aranges
                0x00000718       0x30 CMakeFiles/CppVar1.elf.dir/Src/stm32l4xx_hal_msp.c.obj
 .debug_aranges
                0x00000748       0x60 CMakeFiles/CppVar1.elf.dir/Src/stm32l4xx_it.c.obj
 .debug_aranges
                0x000007a8       0x28 CMakeFiles/CppVar1.elf.dir/Src/system_stm32l4xx.c.obj
 .debug_aranges
                0x000007d0       0x28 CMakeFiles/CppVar1.elf.dir/Startup/startup_stm32l476rgtx.s.obj

.debug_ranges   0x00000000      0x7d0
 .debug_ranges  0x00000000      0x120 CMakeFiles/CppVar1.elf.dir/Drivers/STM32L4xx_HAL_Driver/Src/stm32l4xx_hal.c.obj
 .debug_ranges  0x00000120       0xf8 CMakeFiles/CppVar1.elf.dir/Drivers/STM32L4xx_HAL_Driver/Src/stm32l4xx_hal_cortex.c.obj
 .debug_ranges  0x00000218       0x48 CMakeFiles/CppVar1.elf.dir/Drivers/STM32L4xx_HAL_Driver/Src/stm32l4xx_hal_gpio.c.obj
 .debug_ranges  0x00000260      0x140 CMakeFiles/CppVar1.elf.dir/Drivers/STM32L4xx_HAL_Driver/Src/stm32l4xx_hal_pwr_ex.c.obj
 .debug_ranges  0x000003a0       0x90 CMakeFiles/CppVar1.elf.dir/Drivers/STM32L4xx_HAL_Driver/Src/stm32l4xx_hal_rcc.c.obj
 .debug_ranges  0x00000430       0xc8 CMakeFiles/CppVar1.elf.dir/Drivers/STM32L4xx_HAL_Driver/Src/stm32l4xx_hal_rcc_ex.c.obj
 .debug_ranges  0x000004f8      0x200 CMakeFiles/CppVar1.elf.dir/Drivers/STM32L4xx_HAL_Driver/Src/stm32l4xx_hal_uart.c.obj
 .debug_ranges  0x000006f8       0x30 CMakeFiles/CppVar1.elf.dir/Src/main.c.obj
 .debug_ranges  0x00000728       0x20 CMakeFiles/CppVar1.elf.dir/Src/stm32l4xx_hal_msp.c.obj
 .debug_ranges  0x00000748       0x50 CMakeFiles/CppVar1.elf.dir/Src/stm32l4xx_it.c.obj
 .debug_ranges  0x00000798       0x18 CMakeFiles/CppVar1.elf.dir/Src/system_stm32l4xx.c.obj
 .debug_ranges  0x000007b0       0x20 CMakeFiles/CppVar1.elf.dir/Startup/startup_stm32l476rgtx.s.obj

.debug_line     0x00000000     0x74c3
 .debug_line    0x00000000      0x705 CMakeFiles/CppVar1.elf.dir/Drivers/STM32L4xx_HAL_Driver/Src/stm32l4xx_hal.c.obj
 .debug_line    0x00000705      0x7df CMakeFiles/CppVar1.elf.dir/Drivers/STM32L4xx_HAL_Driver/Src/stm32l4xx_hal_cortex.c.obj
 .debug_line    0x00000ee4      0x713 CMakeFiles/CppVar1.elf.dir/Drivers/STM32L4xx_HAL_Driver/Src/stm32l4xx_hal_gpio.c.obj
 .debug_line    0x000015f7      0xb1e CMakeFiles/CppVar1.elf.dir/Drivers/STM32L4xx_HAL_Driver/Src/stm32l4xx_hal_pwr_ex.c.obj
 .debug_line    0x00002115      0xefe CMakeFiles/CppVar1.elf.dir/Drivers/STM32L4xx_HAL_Driver/Src/stm32l4xx_hal_rcc.c.obj
 .debug_line    0x00003013     0x1582 CMakeFiles/CppVar1.elf.dir/Drivers/STM32L4xx_HAL_Driver/Src/stm32l4xx_hal_rcc_ex.c.obj
 .debug_line    0x00004595     0x2236 CMakeFiles/CppVar1.elf.dir/Drivers/STM32L4xx_HAL_Driver/Src/stm32l4xx_hal_uart.c.obj
 .debug_line    0x000067cb      0x4d9 CMakeFiles/CppVar1.elf.dir/Src/main.c.obj
 .debug_line    0x00006ca4      0x2c1 CMakeFiles/CppVar1.elf.dir/Src/stm32l4xx_hal_msp.c.obj
 .debug_line    0x00006f65      0x1a6 CMakeFiles/CppVar1.elf.dir/Src/stm32l4xx_it.c.obj
 .debug_line    0x0000710b      0x31f CMakeFiles/CppVar1.elf.dir/Src/system_stm32l4xx.c.obj
 .debug_line    0x0000742a       0x99 CMakeFiles/CppVar1.elf.dir/Startup/startup_stm32l476rgtx.s.obj

.debug_str      0x00000000     0x2fd3
 .debug_str     0x00000000      0xd03 CMakeFiles/CppVar1.elf.dir/Drivers/STM32L4xx_HAL_Driver/Src/stm32l4xx_hal.c.obj
                                0xd7a (size before relaxing)
 .debug_str     0x00000d03      0x4c3 CMakeFiles/CppVar1.elf.dir/Drivers/STM32L4xx_HAL_Driver/Src/stm32l4xx_hal_cortex.c.obj
                                0xc40 (size before relaxing)
 .debug_str     0x000011c6      0x1f1 CMakeFiles/CppVar1.elf.dir/Drivers/STM32L4xx_HAL_Driver/Src/stm32l4xx_hal_gpio.c.obj
                                0x560 (size before relaxing)
 .debug_str     0x000013b7      0x571 CMakeFiles/CppVar1.elf.dir/Drivers/STM32L4xx_HAL_Driver/Src/stm32l4xx_hal_pwr_ex.c.obj
                                0x834 (size before relaxing)
 .debug_str     0x00001928      0x39d CMakeFiles/CppVar1.elf.dir/Drivers/STM32L4xx_HAL_Driver/Src/stm32l4xx_hal_rcc.c.obj
                                0x89f (size before relaxing)
 .debug_str     0x00001cc5      0x5ac CMakeFiles/CppVar1.elf.dir/Drivers/STM32L4xx_HAL_Driver/Src/stm32l4xx_hal_rcc_ex.c.obj
                                0xadb (size before relaxing)
 .debug_str     0x00002271      0xb47 CMakeFiles/CppVar1.elf.dir/Drivers/STM32L4xx_HAL_Driver/Src/stm32l4xx_hal_uart.c.obj
                                0xf5b (size before relaxing)
 .debug_str     0x00002db8       0x92 CMakeFiles/CppVar1.elf.dir/Src/main.c.obj
                                0xc82 (size before relaxing)
 .debug_str     0x00002e4a       0x32 CMakeFiles/CppVar1.elf.dir/Src/stm32l4xx_hal_msp.c.obj
                                0x7b9 (size before relaxing)
 .debug_str     0x00002e7c       0xbd CMakeFiles/CppVar1.elf.dir/Src/stm32l4xx_it.c.obj
                                0x24a (size before relaxing)
 .debug_str     0x00002f39       0x52 CMakeFiles/CppVar1.elf.dir/Src/system_stm32l4xx.c.obj
                                0x3fa (size before relaxing)
 .debug_str     0x00002f8b       0x48 CMakeFiles/CppVar1.elf.dir/Startup/startup_stm32l476rgtx.s.obj
                                 0x74 (size before relaxing)

.comment        0x00000000       0x4d
 .comment       0x00000000       0x4d CMakeFiles/CppVar1.elf.dir/Drivers/STM32L4xx_HAL_Driver/Src/stm32l4xx_hal.c.obj
                                 0x4e (size before relaxing)
 .comment       0x0000004d       0x4e CMakeFiles/CppVar1.elf.dir/Drivers/STM32L4xx_HAL_Driver/Src/stm32l4xx_hal_cortex.c.obj
 .comment       0x0000004d       0x4e CMakeFiles/CppVar1.elf.dir/Drivers/STM32L4xx_HAL_Driver/Src/stm32l4xx_hal_gpio.c.obj
 .comment       0x0000004d       0x4e CMakeFiles/CppVar1.elf.dir/Drivers/STM32L4xx_HAL_Driver/Src/stm32l4xx_hal_pwr_ex.c.obj
 .comment       0x0000004d       0x4e CMakeFiles/CppVar1.elf.dir/Drivers/STM32L4xx_HAL_Driver/Src/stm32l4xx_hal_rcc.c.obj
 .comment       0x0000004d       0x4e CMakeFiles/CppVar1.elf.dir/Drivers/STM32L4xx_HAL_Driver/Src/stm32l4xx_hal_rcc_ex.c.obj
 .comment       0x0000004d       0x4e CMakeFiles/CppVar1.elf.dir/Drivers/STM32L4xx_HAL_Driver/Src/stm32l4xx_hal_uart.c.obj
 .comment       0x0000004d       0x4e CMakeFiles/CppVar1.elf.dir/Src/main.c.obj
 .comment       0x0000004d       0x4e CMakeFiles/CppVar1.elf.dir/Src/stm32l4xx_hal_msp.c.obj
 .comment       0x0000004d       0x4e CMakeFiles/CppVar1.elf.dir/Src/stm32l4xx_it.c.obj
 .comment       0x0000004d       0x4e CMakeFiles/CppVar1.elf.dir/Src/system_stm32l4xx.c.obj

.debug_frame    0x00000000     0x1488
 .debug_frame   0x00000000      0x274 CMakeFiles/CppVar1.elf.dir/Drivers/STM32L4xx_HAL_Driver/Src/stm32l4xx_hal.c.obj
 .debug_frame   0x00000274      0x148 CMakeFiles/CppVar1.elf.dir/Drivers/STM32L4xx_HAL_Driver/Src/stm32l4xx_hal_cortex.c.obj
 .debug_frame   0x000003bc       0xd0 CMakeFiles/CppVar1.elf.dir/Drivers/STM32L4xx_HAL_Driver/Src/stm32l4xx_hal_gpio.c.obj
 .debug_frame   0x0000048c      0x298 CMakeFiles/CppVar1.elf.dir/Drivers/STM32L4xx_HAL_Driver/Src/stm32l4xx_hal_pwr_ex.c.obj
 .debug_frame   0x00000724      0x18c CMakeFiles/CppVar1.elf.dir/Drivers/STM32L4xx_HAL_Driver/Src/stm32l4xx_hal_rcc.c.obj
 .debug_frame   0x000008b0      0x204 CMakeFiles/CppVar1.elf.dir/Drivers/STM32L4xx_HAL_Driver/Src/stm32l4xx_hal_rcc_ex.c.obj
 .debug_frame   0x00000ab4      0x5c0 CMakeFiles/CppVar1.elf.dir/Drivers/STM32L4xx_HAL_Driver/Src/stm32l4xx_hal_uart.c.obj
 .debug_frame   0x00001074       0x90 CMakeFiles/CppVar1.elf.dir/Src/main.c.obj
 .debug_frame   0x00001104       0x60 CMakeFiles/CppVar1.elf.dir/Src/stm32l4xx_hal_msp.c.obj
 .debug_frame   0x00001164       0xa8 CMakeFiles/CppVar1.elf.dir/Src/stm32l4xx_it.c.obj
 .debug_frame   0x0000120c       0x30 CMakeFiles/CppVar1.elf.dir/Src/system_stm32l4xx.c.obj
 .debug_frame   0x0000123c       0x2c c:/progra~2/gnu arm embedded toolchain/10 2020-q4-major/bin/../lib/gcc/arm-none-eabi/10.2.1/thumb/v7e-m/nofp\libgcc.a(_aeabi_uldivmod.o)
 .debug_frame   0x00001268       0x34 c:/progra~2/gnu arm embedded toolchain/10 2020-q4-major/bin/../lib/gcc/arm-none-eabi/10.2.1/thumb/v7e-m/nofp\libgcc.a(_udivmoddi4.o)
 .debug_frame   0x0000129c       0x2c c:/progra~2/gnu arm embedded toolchain/10 2020-q4-major/bin/../lib/gcc/arm-none-eabi/10.2.1/../../../../arm-none-eabi/lib/thumb/v7e-m/nofp\libg.a(lib_a-init.o)
 .debug_frame   0x000012c8       0x2c c:/progra~2/gnu arm embedded toolchain/10 2020-q4-major/bin/../lib/gcc/arm-none-eabi/10.2.1/../../../../arm-none-eabi/lib/thumb/v7e-m/nofp\libg.a(lib_a-memset.o)
 .debug_frame   0x000012f4       0x5c c:/progra~2/gnu arm embedded toolchain/10 2020-q4-major/bin/../lib/gcc/arm-none-eabi/10.2.1/../../../../arm-none-eabi/lib/thumb/v7e-m/nofp\libg.a(lib_a-__call_atexit.o)
 .debug_frame   0x00001350       0x20 c:/progra~2/gnu arm embedded toolchain/10 2020-q4-major/bin/../lib/gcc/arm-none-eabi/10.2.1/../../../../arm-none-eabi/lib/thumb/v7e-m/nofp\libg.a(lib_a-atexit.o)
 .debug_frame   0x00001370       0x34 c:/progra~2/gnu arm embedded toolchain/10 2020-q4-major/bin/../lib/gcc/arm-none-eabi/10.2.1/../../../../arm-none-eabi/lib/thumb/v7e-m/nofp\libg.a(lib_a-fini.o)
 .debug_frame   0x000013a4       0xb0 c:/progra~2/gnu arm embedded toolchain/10 2020-q4-major/bin/../lib/gcc/arm-none-eabi/10.2.1/../../../../arm-none-eabi/lib/thumb/v7e-m/nofp\libg.a(lib_a-lock.o)
 .debug_frame   0x00001454       0x34 c:/progra~2/gnu arm embedded toolchain/10 2020-q4-major/bin/../lib/gcc/arm-none-eabi/10.2.1/../../../../arm-none-eabi/lib/thumb/v7e-m/nofp\libg.a(lib_a-__atexit.o)
